Archive member included to satisfy reference by file (symbol)

.\CortexM0\ARM_GCC_541\Debug\Design01.a(CyLib.o)
                              .\CortexM0\ARM_GCC_541\Debug\cyfitter_cfg.o (CyIntEnable)
.\CortexM0\ARM_GCC_541\Debug\Design01.a(CyLFClk.o)
                              .\CortexM0\ARM_GCC_541\Debug\cyfitter_cfg.o (CySysWdtIsr)
.\CortexM0\ARM_GCC_541\Debug\Design01.a(ADC.o)
                              .\CortexM0\ARM_GCC_541\Debug\main.o (ADC_Init)
.\CortexM0\ARM_GCC_541\Debug\Design01.a(ADC_INT.o)
                              .\CortexM0\ARM_GCC_541\Debug\Design01.a(ADC.o) (ADC_ISR)
.\CortexM0\ARM_GCC_541\Debug\Design01.a(ADC_Timer.o)
                              .\CortexM0\ARM_GCC_541\Debug\main.o (ADC_Timer_Start)
.\CortexM0\ARM_GCC_541\Debug\Design01.a(IDAC.o)
                              .\CortexM0\ARM_GCC_541\Debug\main.o (IDAC_Start)
.\CortexM0\ARM_GCC_541\Debug\Design01.a(isr_adc.o)
                              .\CortexM0\ARM_GCC_541\Debug\main.o (isr_adc_StartEx)
.\CortexM0\ARM_GCC_541\Debug\Design01.a(ADC_IRQ.o)
                              .\CortexM0\ARM_GCC_541\Debug\main.o (ADC_IRQ_Enable)
.\CortexM0\ARM_GCC_541\Debug\Design01.a(D_UART.o)
                              .\CortexM0\ARM_GCC_541\Debug\main.o (D_UART_Start)
.\CortexM0\ARM_GCC_541\Debug\Design01.a(D_UART_SPI_UART.o)
                              .\CortexM0\ARM_GCC_541\Debug\main.o (D_UART_SpiUartWriteTxData)
.\CortexM0\ARM_GCC_541\Debug\Design01.a(D_UART_UART.o)
                              .\CortexM0\ARM_GCC_541\Debug\Design01.a(D_UART.o) (D_UART_UartInit)
.\CortexM0\ARM_GCC_541\Debug\Design01.a(RTC.o)
                              .\CortexM0\ARM_GCC_541\Debug\main.o (RTC_GetTime)
.\CortexM0\ARM_GCC_541\Debug\Design01.a(CyBootAsmGnu.o)
                              .\CortexM0\ARM_GCC_541\Debug\Design01.a(CyLib.o) (CyDelayCycles)
c:/program files (x86)/cypress/psoc creator/4.3/psoc creator/import/gnu/arm/5.4.1/bin/../lib/gcc/arm-none-eabi/5.4.1/armv6-m\libgcc.a(_udivsi3.o)
                              .\CortexM0\ARM_GCC_541\Debug\Design01.a(CyLib.o) (__aeabi_uidiv)
c:/program files (x86)/cypress/psoc creator/4.3/psoc creator/import/gnu/arm/5.4.1/bin/../lib/gcc/arm-none-eabi/5.4.1/armv6-m\libgcc.a(_divsi3.o)
                              .\CortexM0\ARM_GCC_541\Debug\Design01.a(ADC.o) (__aeabi_idiv)
c:/program files (x86)/cypress/psoc creator/4.3/psoc creator/import/gnu/arm/5.4.1/bin/../lib/gcc/arm-none-eabi/5.4.1/armv6-m\libgcc.a(_dvmd_tls.o)
                              c:/program files (x86)/cypress/psoc creator/4.3/psoc creator/import/gnu/arm/5.4.1/bin/../lib/gcc/arm-none-eabi/5.4.1/armv6-m\libgcc.a(_udivsi3.o) (__aeabi_idiv0)
c:/program files (x86)/cypress/psoc creator/4.3/psoc creator/import/gnu/arm/5.4.1/bin/../lib/gcc/arm-none-eabi/5.4.1/armv6-m\libgcc.a(_aeabi_ldivmod.o)
                              .\CortexM0\ARM_GCC_541\Debug\Design01.a(ADC.o) (__aeabi_ldivmod)
c:/program files (x86)/cypress/psoc creator/4.3/psoc creator/import/gnu/arm/5.4.1/bin/../lib/gcc/arm-none-eabi/5.4.1/armv6-m\libgcc.a(_aeabi_uldivmod.o)
                              .\CortexM0\ARM_GCC_541\Debug\Design01.a(RTC.o) (__aeabi_uldivmod)
c:/program files (x86)/cypress/psoc creator/4.3/psoc creator/import/gnu/arm/5.4.1/bin/../lib/gcc/arm-none-eabi/5.4.1/armv6-m\libgcc.a(_muldi3.o)
                              .\CortexM0\ARM_GCC_541\Debug\Design01.a(ADC.o) (__aeabi_lmul)
c:/program files (x86)/cypress/psoc creator/4.3/psoc creator/import/gnu/arm/5.4.1/bin/../lib/gcc/arm-none-eabi/5.4.1/armv6-m\libgcc.a(_udivmoddi4.o)
                              c:/program files (x86)/cypress/psoc creator/4.3/psoc creator/import/gnu/arm/5.4.1/bin/../lib/gcc/arm-none-eabi/5.4.1/armv6-m\libgcc.a(_aeabi_uldivmod.o) (__udivmoddi4)
c:/program files (x86)/cypress/psoc creator/4.3/psoc creator/import/gnu/arm/5.4.1/bin/../lib/gcc/arm-none-eabi/5.4.1/armv6-m\libgcc.a(bpabi.o)
                              c:/program files (x86)/cypress/psoc creator/4.3/psoc creator/import/gnu/arm/5.4.1/bin/../lib/gcc/arm-none-eabi/5.4.1/armv6-m\libgcc.a(_aeabi_ldivmod.o) (__gnu_ldivmod_helper)
c:/program files (x86)/cypress/psoc creator/4.3/psoc creator/import/gnu/arm/5.4.1/bin/../lib/gcc/arm-none-eabi/5.4.1/armv6-m\libgcc.a(addsf3.o)
                              .\CortexM0\ARM_GCC_541\Debug\main.o (__aeabi_fadd)
c:/program files (x86)/cypress/psoc creator/4.3/psoc creator/import/gnu/arm/5.4.1/bin/../lib/gcc/arm-none-eabi/5.4.1/armv6-m\libgcc.a(divsf3.o)
                              .\CortexM0\ARM_GCC_541\Debug\Design01.a(ADC.o) (__aeabi_fdiv)
c:/program files (x86)/cypress/psoc creator/4.3/psoc creator/import/gnu/arm/5.4.1/bin/../lib/gcc/arm-none-eabi/5.4.1/armv6-m\libgcc.a(mulsf3.o)
                              .\CortexM0\ARM_GCC_541\Debug\main.o (__aeabi_fmul)
c:/program files (x86)/cypress/psoc creator/4.3/psoc creator/import/gnu/arm/5.4.1/bin/../lib/gcc/arm-none-eabi/5.4.1/armv6-m\libgcc.a(subsf3.o)
[...]
Memory Configuration

Name             Origin             Length             Attributes
rom              0x00000000         0x00008000         xr
ram              0x20000000         0x00001000         xrw
*default*        0x00000000         0xffffffff

Linker script and memory map

LOAD c:/program files (x86)/cypress/psoc creator/4.3/psoc creator/import/gnu/arm/5.4.1/bin/../lib/gcc/arm-none-eabi/5.4.1/armv6-m/crti.o
LOAD c:/program files (x86)/cypress/psoc creator/4.3/psoc creator/import/gnu/arm/5.4.1/bin/../lib/gcc/arm-none-eabi/5.4.1/armv6-m/crtbegin.o
LOAD c:/program files (x86)/cypress/psoc creator/4.3/psoc creator/import/gnu/arm/5.4.1/bin/../lib/gcc/arm-none-eabi/5.4.1/../../../../arm-none-eabi/lib/armv6-m/crt0.o
START GROUP
LOAD .\CortexM0\ARM_GCC_541\Debug\main.o
LOAD .\CortexM0\ARM_GCC_541\Debug\cyfitter_cfg.o
LOAD .\CortexM0\ARM_GCC_541\Debug\cymetadata.o
LOAD .\CortexM0\ARM_GCC_541\Debug\Cm0Start.o
LOAD .\CortexM0\ARM_GCC_541\Debug\Design01.a
END GROUP
START GROUP
LOAD c:/program files (x86)/cypress/psoc creator/4.3/psoc creator/import/gnu/arm/5.4.1/bin/../lib/gcc/arm-none-eabi/5.4.1/armv6-m\libgcc.a
LOAD c:/program files (x86)/cypress/psoc creator/4.3/psoc creator/import/gnu/arm/5.4.1/bin/../lib/gcc/arm-none-eabi/5.4.1/../../../../arm-none-eabi/lib/armv6-m\libg_nano.a
LOAD c:/program files (x86)/cypress/psoc creator/4.3/psoc creator/import/gnu/arm/5.4.1/bin/../lib/gcc/arm-none-eabi/5.4.1/../../../../arm-none-eabi/lib/armv6-m\libc_nano.a
END GROUP
START GROUP
LOAD c:/program files (x86)/cypress/psoc creator/4.3/psoc creator/import/gnu/arm/5.4.1/bin/../lib/gcc/arm-none-eabi/5.4.1/armv6-m\libgcc.a
LOAD c:/program files (x86)/cypress/psoc creator/4.3/psoc creator/import/gnu/arm/5.4.1/bin/../lib/gcc/arm-none-eabi/5.4.1/../../../../arm-none-eabi/lib/armv6-m\libc_nano.a
END GROUP
LOAD c:/program files (x86)/cypress/psoc creator/4.3/psoc creator/import/gnu/arm/5.4.1/bin/../lib/gcc/arm-none-eabi/5.4.1/armv6-m/crtend.o
LOAD c:/program files (x86)/cypress/psoc creator/4.3/psoc creator/import/gnu/arm/5.4.1/bin/../lib/gcc/arm-none-eabi/5.4.1/armv6-m/crtn.o
START GROUP
LOAD c:/program files (x86)/cypress/psoc creator/4.3/psoc creator/import/gnu/arm/5.4.1/bin/../lib/gcc/arm-none-eabi/5.4.1/armv6-m\libgcc.a
LOAD c:/program files (x86)/cypress/psoc creator/4.3/psoc creator/import/gnu/arm/5.4.1/bin/../lib/gcc/arm-none-eabi/5.4.1/../../../../arm-none-eabi/lib/armv6-m\libc.a
LOAD c:/program files (x86)/cypress/psoc creator/4.3/psoc creator/import/gnu/arm/5.4.1/bin/../lib/gcc/arm-none-eabi/5.4.1/../../../../arm-none-eabi/lib/armv6-m\libnosys.a
END GROUP
                0x00000000                CY_APPL_ORIGIN = 0x0
                0x00000080                CY_FLASH_ROW_SIZE = 0x80
                0x00000001                CY_APPL_NUM = 0x1
                0x00000001                CY_APPL_MAX = 0x1
                0x00000040                CY_METADATA_SIZE = 0x40
                0x00000000                CY_APPL_LOADABLE = 0x0
                0x00000000                CY_CHECKSUM_EXCLUDE_SIZE = ALIGN (0x0, CY_FLASH_ROW_SIZE)
                0x00000000                CY_APP_FOR_STACK_AND_COPIER = 0x0
                [!provide]                PROVIDE (__cy_heap_start, _end)
                0x00000001                PROVIDE (__cy_region_num, ((__cy_regions_end - __cy_regions) / 0x10))
                0x20001000                PROVIDE (__cy_stack, (ORIGIN (ram) + LENGTH (ram)))
                [!provide]                PROVIDE (__cy_heap_end, (__cy_stack - 0x400))

.cybootloader   0x00000000        0x0
 *(.cybootloader)
                0x00000000                appl1_start = CY_APPL_ORIGIN?CY_APPL_ORIGIN:ALIGN (CY_FLASH_ROW_SIZE)
                0x00003f80                appl2_start = (appl1_start + ALIGN ((((LENGTH (rom) - appl1_start) - (0x2 * CY_FLASH_ROW_SIZE)) / 0x2), CY_FLASH_ROW_SIZE))
                0x00000000                appl_start = (CY_APPL_NUM == 0x1)?appl1_start:appl2_start
                0x00000001                cy_project_type_bootloader = (appl_start == 0x0)?0x1:0x0
                0x00000000                cy_project_type_app_for_stack_and_copier = (CY_APP_FOR_STACK_AND_COPIER == 0x1)?0x1:0x0

.text           0x00000000     0x6a2c
 CREATE_OBJECT_SYMBOLS
                0x00000000                PROVIDE (__cy_interrupt_vector, RomVectors)
 *(.romvectors)
 .romvectors    0x00000000       0x10 .\CortexM0\ARM_GCC_541\Debug\Cm0Start.o
                0x00000000                RomVectors
                0x00000001                ASSERT ((. != __cy_interrupt_vector), No interrupt vector)
                0x00000001                ASSERT (CY_APPL_ORIGIN?(SIZEOF (.cybootloader) <= CY_APPL_ORIGIN):0x1, Wrong image location)
                0x00000010                PROVIDE (__cy_reset, Reset)
 *(.text.Reset)
 .text.Reset    0x00000010        0x8 .\CortexM0\ARM_GCC_541\Debug\Cm0Start.o
                0x00000010                Reset
                0x00000001                ASSERT ((. != __cy_reset), No reset code)
 *(.psocinit)
 .psocinit      0x00000018      0x1a4 .\CortexM0\ARM_GCC_541\Debug\cyfitter_cfg.o
                0x000000a8                cyfitter_cfg
                0x000001bc                . = MAX (., 0x100)
 *(.text .text.* .gnu.linkonce.t.*)
 .text          0x000001bc       0x60 c:/program files (x86)/cypress/psoc creator/4.3/psoc creator/import/gnu/arm/5.4.1/bin/../lib/gcc/arm-none-eabi/5.4.1/armv6-m/crtbegin.o
 .text._write   0x0000021c       0x1c .\CortexM0\ARM_GCC_541\Debug\main.o
                0x0000021c                _write
 .text.DigitalFilter_ProcessOneSample
                0x00000238       0x70 .\CortexM0\ARM_GCC_541\Debug\main.o
                0x00000238                DigitalFilter_ProcessOneSample
 .text.MyADC    0x000002a8       0x34 .\CortexM0\ARM_GCC_541\Debug\main.o
                0x000002a8                MyADC
 .text.print_time
                0x000002dc       0x40 .\CortexM0\ARM_GCC_541\Debug\main.o
                0x000002dc                print_time
 .text.main     0x0000031c       0x68 .\CortexM0\ARM_GCC_541\Debug\main.o
                0x0000031c                main
 .text.cfg_write_bytes32
                0x00000384       0x34 .\CortexM0\ARM_GCC_541\Debug\cyfitter_cfg.o
 .text.CYMEMZERO
                0x000003b8        0xc .\CortexM0\ARM_GCC_541\Debug\cyfitter_cfg.o
 .text.SetAnalogRoutingPumps
                0x000003c4       0x20 .\CortexM0\ARM_GCC_541\Debug\cyfitter_cfg.o
                0x000003c4                SetAnalogRoutingPumps
 .text.AnalogSetDefault
                0x000003e4       0x14 .\CortexM0\ARM_GCC_541\Debug\cyfitter_cfg.o
 .text.IntDefaultHandler
                0x000003f8       0x10 .\CortexM0\ARM_GCC_541\Debug\Cm0Start.o
                0x000003f8                IntDefaultHandler
 .text._sbrk    0x00000408       0x34 .\CortexM0\ARM_GCC_541\Debug\Cm0Start.o
                0x00000408                _sbrk
 .text.Start_c  0x0000043c       0x48 .\CortexM0\ARM_GCC_541\Debug\Cm0Start.o
                0x0000043c                Start_c
 .text.initialize_psoc
                0x00000484       0x40 .\CortexM0\ARM_GCC_541\Debug\Cm0Start.o
                0x00000484                initialize_psoc
 .text.CyIntEnable
                0x000004c4       0x14 .\CortexM0\ARM_GCC_541\Debug\Design01.a(CyLib.o)
                0x000004c4                CyIntEnable
 .text.CyHalt   0x000004d8        0x4 .\CortexM0\ARM_GCC_541\Debug\Design01.a(CyLib.o)
                0x000004d8                CyHalt
 .text.CyIntSetVector
                0x000004dc       0x24 .\CortexM0\ARM_GCC_541\Debug\Design01.a(CyLib.o)
                0x000004dc                CyIntSetVector
 .text.CyIntSetPriority
                0x00000500       0x4c .\CortexM0\ARM_GCC_541\Debug\Design01.a(CyLib.o)
                0x00000500                CyIntSetPriority
 .text.CyDelayUs
                0x0000054c       0x14 .\CortexM0\ARM_GCC_541\Debug\Design01.a(CyLib.o)
                0x0000054c                CyDelayUs
 .text.CySysClkWriteImoFreq
                0x00000560      0x164 .\CortexM0\ARM_GCC_541\Debug\Design01.a(CyLib.o)
                0x00000560                CySysClkWriteImoFreq
 .text.CySysWdtLocked
                0x000006c4       0x14 .\CortexM0\ARM_GCC_541\Debug\Design01.a(CyLFClk.o)
 .text.CySysWdtLock
                0x000006d8       0x1c .\CortexM0\ARM_GCC_541\Debug\Design01.a(CyLFClk.o)
                0x000006d8                CySysWdtLock
 .text.CySysWdtUnlock
                0x000006f4       0x30 .\CortexM0\ARM_GCC_541\Debug\Design01.a(CyLFClk.o)
                0x000006f4                CySysWdtUnlock
 .text.CySysWdtClearInterrupt
                0x00000724       0x4c .\CortexM0\ARM_GCC_541\Debug\Design01.a(CyLFClk.o)
                0x00000724                CySysWdtClearInterrupt
 .text.CySysWdtIsr
                0x00000770       0xa4 .\CortexM0\ARM_GCC_541\Debug\Design01.a(CyLFClk.o)
                0x00000770                CySysWdtIsr
 .text.ADC_Init
                0x00000814       0xfc .\CortexM0\ARM_GCC_541\Debug\Design01.a(ADC.o)
                0x00000814                ADC_Init
 .text.ADC_Enable
                0x00000910       0x24 .\CortexM0\ARM_GCC_541\Debug\Design01.a(ADC.o)
                0x00000910                ADC_Enable
 .text.ADC_Start
                0x00000934       0x20 .\CortexM0\ARM_GCC_541\Debug\Design01.a(ADC.o)
                0x00000934                ADC_Start
 .text.ADC_StartConvert
                0x00000954        0xc .\CortexM0\ARM_GCC_541\Debug\Design01.a(ADC.o)
                0x00000954                ADC_StartConvert
 .text.ADC_GetResult16
                0x00000960       0x2c .\CortexM0\ARM_GCC_541\Debug\Design01.a(ADC.o)
                0x00000960                ADC_GetResult16
 .text.ADC_ISR  0x0000098c        0xc .\CortexM0\ARM_GCC_541\Debug\Design01.a(ADC_INT.o)
                0x0000098c                ADC_ISR
 .text.ADC_Timer_Enable
                0x00000998       0x14 .\CortexM0\ARM_GCC_541\Debug\Design01.a(ADC_Timer.o)
                0x00000998                ADC_Timer_Enable
 .text.ADC_Timer_SetInterruptMode
                0x000009ac        0xc .\CortexM0\ARM_GCC_541\Debug\Design01.a(ADC_Timer.o)
                0x000009ac                ADC_Timer_SetInterruptMode
 .text.ADC_Timer_ReadStatusRegister
                0x000009b8        0xc .\CortexM0\ARM_GCC_541\Debug\Design01.a(ADC_Timer.o)
                0x000009b8                ADC_Timer_ReadStatusRegister
 .text.ADC_Timer_WritePeriod
                0x000009c4        0xc .\CortexM0\ARM_GCC_541\Debug\Design01.a(ADC_Timer.o)
                0x000009c4                ADC_Timer_WritePeriod
 .text.ADC_Timer_ReadCapture
                0x000009d0        0xc .\CortexM0\ARM_GCC_541\Debug\Design01.a(ADC_Timer.o)
                0x000009d0                ADC_Timer_ReadCapture
 .text.ADC_Timer_WriteCounter
                0x000009dc        0xc .\CortexM0\ARM_GCC_541\Debug\Design01.a(ADC_Timer.o)
                0x000009dc                ADC_Timer_WriteCounter
 .text.ADC_Timer_ClearFIFO
                0x000009e8       0x14 .\CortexM0\ARM_GCC_541\Debug\Design01.a(ADC_Timer.o)
                0x000009e8                ADC_Timer_ClearFIFO
 .text.ADC_Timer_Init
                0x000009fc       0x34 .\CortexM0\ARM_GCC_541\Debug\Design01.a(ADC_Timer.o)
                0x000009fc                ADC_Timer_Init
 .text.ADC_Timer_Start
                0x00000a30       0x20 .\CortexM0\ARM_GCC_541\Debug\Design01.a(ADC_Timer.o)
                0x00000a30                ADC_Timer_Start
 .text.IDAC_Init
                0x00000a50       0x58 .\CortexM0\ARM_GCC_541\Debug\Design01.a(IDAC.o)
                0x00000a50                IDAC_Init
 .text.IDAC_Enable
                0x00000aa8       0x2c .\CortexM0\ARM_GCC_541\Debug\Design01.a(IDAC.o)
                0x00000aa8                IDAC_Enable
 .text.IDAC_Start
                0x00000ad4       0x20 .\CortexM0\ARM_GCC_541\Debug\Design01.a(IDAC.o)
                0x00000ad4                IDAC_Start
 .text.IDAC_SetValue
                0x00000af4       0x20 .\CortexM0\ARM_GCC_541\Debug\Design01.a(IDAC.o)
                0x00000af4                IDAC_SetValue
 .text.isr_adc_SetVector
                0x00000b14        0xc .\CortexM0\ARM_GCC_541\Debug\Design01.a(isr_adc.o)
                0x00000b14                isr_adc_SetVector
 .text.isr_adc_SetPriority
                0x00000b20       0x20 .\CortexM0\ARM_GCC_541\Debug\Design01.a(isr_adc.o)
                0x00000b20                isr_adc_SetPriority
 .text.isr_adc_Enable
                0x00000b40        0xc .\CortexM0\ARM_GCC_541\Debug\Design01.a(isr_adc.o)
                0x00000b40                isr_adc_Enable
 .text.isr_adc_Disable
                0x00000b4c        0xc .\CortexM0\ARM_GCC_541\Debug\Design01.a(isr_adc.o)
                0x00000b4c                isr_adc_Disable
 .text.isr_adc_StartEx
                0x00000b58       0x1c .\CortexM0\ARM_GCC_541\Debug\Design01.a(isr_adc.o)
                0x00000b58                isr_adc_StartEx
 .text.ADC_IRQ_Enable
                0x00000b74       0x10 .\CortexM0\ARM_GCC_541\Debug\Design01.a(ADC_IRQ.o)
                0x00000b74                ADC_IRQ_Enable
 .text.D_UART_ScbModePostEnable
                0x00000b84        0x8 .\CortexM0\ARM_GCC_541\Debug\Design01.a(D_UART.o)
 .text.D_UART_Init
                0x00000b8c        0x8 .\CortexM0\ARM_GCC_541\Debug\Design01.a(D_UART.o)
                0x00000b8c                D_UART_Init
 .text.D_UART_Enable
                0x00000b94       0x18 .\CortexM0\ARM_GCC_541\Debug\Design01.a(D_UART.o)
                0x00000b94                D_UART_Enable
 .text.D_UART_Start
                0x00000bac       0x20 .\CortexM0\ARM_GCC_541\Debug\Design01.a(D_UART.o)
                0x00000bac                D_UART_Start
 .text.D_UART_SpiUartWriteTxData
                0x00000bcc       0x1c .\CortexM0\ARM_GCC_541\Debug\Design01.a(D_UART_SPI_UART.o)
                0x00000bcc                D_UART_SpiUartWriteTxData
 .text.D_UART_UartInit
                0x00000be8       0x9c .\CortexM0\ARM_GCC_541\Debug\Design01.a(D_UART_UART.o)
                0x00000be8                D_UART_UartInit
 .text.D_UART_UartPostEnable
                0x00000c84       0x2c .\CortexM0\ARM_GCC_541\Debug\Design01.a(D_UART_UART.o)
                0x00000c84                D_UART_UartPostEnable
 .text.RTC_DateTimeToUnix
                0x00000cb0      0x1b4 .\CortexM0\ARM_GCC_541\Debug\Design01.a(RTC.o)
                0x00000cb0                RTC_DateTimeToUnix
 .text.RTC_DaysInMonth
                0x00000e64       0x48 .\CortexM0\ARM_GCC_541\Debug\Design01.a(RTC.o)
                0x00000e64                RTC_DaysInMonth
 .text.RTC_UnixToDateTime
                0x00000eac      0x2ac .\CortexM0\ARM_GCC_541\Debug\Design01.a(RTC.o)
                0x00000eac                RTC_UnixToDateTime
 .text.RTC_GetTime
                0x00001158       0x30 .\CortexM0\ARM_GCC_541\Debug\Design01.a(RTC.o)
                0x00001158                RTC_GetTime
 .text.RTC_RelativeToFixed
                0x00001188      0x118 .\CortexM0\ARM_GCC_541\Debug\Design01.a(RTC.o)
                0x00001188                RTC_RelativeToFixed
 .text.RTC_GetDstUnixTime
                0x000012a0       0xfc .\CortexM0\ARM_GCC_541\Debug\Design01.a(RTC.o)
                0x000012a0                RTC_GetDstUnixTime
 .text.RTC_SetDateAndTime
                0x0000139c      0x144 .\CortexM0\ARM_GCC_541\Debug\Design01.a(RTC.o)
                0x0000139c                RTC_SetDateAndTime
 .text.RTC_SetDSTStartTime
                0x000014e0       0x7c .\CortexM0\ARM_GCC_541\Debug\Design01.a(RTC.o)
                0x000014e0                RTC_SetDSTStartTime
 .text.RTC_SetDSTStopTime
                0x0000155c       0x7c .\CortexM0\ARM_GCC_541\Debug\Design01.a(RTC.o)
                0x0000155c                RTC_SetDSTStopTime
 .text.RTC_Init
                0x000015d8       0xdc .\CortexM0\ARM_GCC_541\Debug\Design01.a(RTC.o)
                0x000015d8                RTC_Init
 .text.RTC_Start
                0x000016b4       0x14 .\CortexM0\ARM_GCC_541\Debug\Design01.a(RTC.o)
                0x000016b4                RTC_Start
 .text.RTC_Update
                0x000016c8       0x9c .\CortexM0\ARM_GCC_541\Debug\Design01.a(RTC.o)
                0x000016c8                RTC_Update
 *fill*         0x00001764        0x4 
 .text          0x00001768       0x24 .\CortexM0\ARM_GCC_541\Debug\Design01.a(CyBootAsmGnu.o)
                0x00001768                CyDelayCycles
                0x0000177c                CyEnterCriticalSection
                0x00001784                CyExitCriticalSection
 .text          0x0000178c      0x114 c:/program files (x86)/cypress/psoc creator/4.3/psoc creator/import/gnu/arm/5.4.1/bin/../lib/gcc/arm-none-eabi/5.4.1/armv6-m\libgcc.a(_udivsi3.o)
                0x0000178c                __aeabi_uidiv
                0x0000178c                __udivsi3
                0x00001898                __aeabi_uidivmod
 .text          0x000018a0      0x1d4 c:/program files (x86)/cypress/psoc creator/4.3/psoc creator/import/gnu/arm/5.4.1/bin/../lib/gcc/arm-none-eabi/5.4.1/armv6-m\libgcc.a(_divsi3.o)
                0x000018a0                __divsi3
                0x000018a0                __aeabi_idiv
                0x00001a6c                __aeabi_idivmod
 .text          0x00001a74        0x4 c:/program files (x86)/cypress/psoc creator/4.3/psoc creator/import/gnu/arm/5.4.1/bin/../lib/gcc/arm-none-eabi/5.4.1/armv6-m\libgcc.a(_dvmd_tls.o)
                0x00001a74                __aeabi_idiv0
                0x00001a74                __aeabi_ldiv0
 .text          0x00001a78       0x40 c:/program files (x86)/cypress/psoc creator/4.3/psoc creator/import/gnu/arm/5.4.1/bin/../lib/gcc/arm-none-eabi/5.4.1/armv6-m\libgcc.a(_aeabi_uldivmod.o)
                0x00001a78                __aeabi_uldivmod
 .text          0x00001ab8      0x180 c:/program files (x86)/cypress/psoc creator/4.3/psoc creator/import/gnu/arm/5.4.1/bin/../lib/gcc/arm-none-eabi/5.4.1/armv6-m\libgcc.a(_udivmoddi4.o)
                0x00001ab8                __udivmoddi4
 .text          0x00001c38      0x2ec c:/program files (x86)/cypress/psoc creator/4.3/psoc creator/import/gnu/arm/5.4.1/bin/../lib/gcc/arm-none-eabi/5.4.1/armv6-m\libgcc.a(addsf3.o)
                0x00001c38                __aeabi_fadd
 .text          0x00001f24      0x228 c:/program files (x86)/cypress/psoc creator/4.3/psoc creator/import/gnu/arm/5.4.1/bin/../lib/gcc/arm-none-eabi/5.4.1/armv6-m\libgcc.a(mulsf3.o)
                0x00001f24                __aeabi_fmul
 .text          0x0000214c      0x30c c:/program files (x86)/cypress/psoc creator/4.3/psoc creator/import/gnu/arm/5.4.1/bin/../lib/gcc/arm-none-eabi/5.4.1/armv6-m\libgcc.a(subsf3.o)
                0x0000214c                __aeabi_fsub
 .text          0x00002458       0x90 c:/program files (x86)/cypress/psoc creator/4.3/psoc creator/import/gnu/arm/5.4.1/bin/../lib/gcc/arm-none-eabi/5.4.1/armv6-m\libgcc.a(floatsisf.o)
                0x00002458                __aeabi_i2f
 .text          0x000024e8       0x3c c:/program files (x86)/cypress/psoc creator/4.3/psoc creator/import/gnu/arm/5.4.1/bin/../lib/gcc/arm-none-eabi/5.4.1/armv6-m\libgcc.a(_clzsi2.o)
                0x000024e8                __clzsi2
 .text          0x00002524       0x18 c:/program files (x86)/cypress/psoc creator/4.3/psoc creator/import/gnu/arm/5.4.1/bin/../lib/gcc/arm-none-eabi/5.4.1/armv6-m\libgcc.a(_clzdi2.o)
                0x00002524                __clzdi2
 .text.__errno  0x0000253c        0xc c:/program files (x86)/cypress/psoc creator/4.3/psoc creator/import/gnu/arm/5.4.1/bin/../lib/gcc/arm-none-eabi/5.4.1/../../../../arm-none-eabi/lib/armv6-m\libg_nano.a(lib_a-errno.o)
                0x0000253c                __errno
 .text.__libc_init_array
                0x00002548       0x4c c:/program files (x86)/cypress/psoc creator/4.3/psoc creator/import/gnu/arm/5.4.1/bin/../lib/gcc/arm-none-eabi/5.4.1/../../../../arm-none-eabi/lib/armv6-m\libg_nano.a(lib_a-init.o)
                0x00002548                __libc_init_array
 .text.memset   0x00002594       0x10 c:/program files (x86)/cypress/psoc creator/4.3/psoc creator/import/gnu/arm/5.4.1/bin/../lib/gcc/arm-none-eabi/5.4.1/../../../../arm-none-eabi/lib/armv6-m\libg_nano.a(lib_a-memset.o)
                0x00002594                memset
 .text.__cvt    0x000025a4       0xca c:/program files (x86)/cypress/psoc creator/4.3/psoc creator/import/gnu/arm/5.4.1/bin/../lib/gcc/arm-none-eabi/5.4.1/../../../../arm-none-eabi/lib/armv6-m\libg_nano.a(lib_a-nano-vfprintf_float.o)
                0x000025a4                __cvt
 .text.__exponent
                0x0000266e       0x62 c:/program files (x86)/cypress/psoc creator/4.3/psoc creator/import/gnu/arm/5.4.1/bin/../lib/gcc/arm-none-eabi/5.4.1/../../../../arm-none-eabi/lib/armv6-m\libg_nano.a(lib_a-nano-vfprintf_float.o)
                0x0000266e                __exponent
 .text._printf_float
                0x000026d0      0x4a0 c:/program files (x86)/cypress/psoc creator/4.3/psoc creator/import/gnu/arm/5.4.1/bin/../lib/gcc/arm-none-eabi/5.4.1/../../../../arm-none-eabi/lib/armv6-m\libg_nano.a(lib_a-nano-vfprintf_float.o)
                0x000026d0                _printf_float
 .text._printf_common
                0x00002b70       0xdc c:/program files (x86)/cypress/psoc creator/4.3/psoc creator/import/gnu/arm/5.4.1/bin/../lib/gcc/arm-none-eabi/5.4.1/../../../../arm-none-eabi/lib/armv6-m\libg_nano.a(lib_a-nano-vfprintf_i.o)
                0x00002b70                _printf_common
 .text._printf_i
                0x00002c4c      0x244 c:/program files (x86)/cypress/psoc creator/4.3/psoc creator/import/gnu/arm/5.4.1/bin/../lib/gcc/arm-none-eabi/5.4.1/../../../../arm-none-eabi/lib/armv6-m\libg_nano.a(lib_a-nano-vfprintf_i.o)
                0x00002c4c                _printf_i
 .text.printf   0x00002e90       0x34 c:/program files (x86)/cypress/psoc creator/4.3/psoc creator/import/gnu/arm/5.4.1/bin/../lib/gcc/arm-none-eabi/5.4.1/../../../../arm-none-eabi/lib/armv6-m\libg_nano.a(lib_a-printf.o)
                0x00002e90                iprintf
                0x00002e90                printf
 .text._puts_r  0x00002ec4       0xc4 c:/program files (x86)/cypress/psoc creator/4.3/psoc creator/import/gnu/arm/5.4.1/bin/../lib/gcc/arm-none-eabi/5.4.1/../../../../arm-none-eabi/lib/armv6-m\libg_nano.a(lib_a-puts.o)
                0x00002ec4                _puts_r
 .text.puts     0x00002f88       0x14 c:/program files (x86)/cypress/psoc creator/4.3/psoc creator/import/gnu/arm/5.4.1/bin/../lib/gcc/arm-none-eabi/5.4.1/../../../../arm-none-eabi/lib/armv6-m\libg_nano.a(lib_a-puts.o)
                0x00002f88                puts
 .text          0x00002f9c        0xe c:/program files (x86)/cypress/psoc creator/4.3/psoc creator/import/gnu/arm/5.4.1/bin/../lib/gcc/arm-none-eabi/5.4.1/../../../../arm-none-eabi/lib/armv6-m\libg_nano.a(lib_a-strlen.o)
                0x00002f9c                strlen
 *fill*         0x00002faa        0x2 
 .text.__swbuf_r
                0x00002fac       0xb0 c:/program files (x86)/cypress/psoc creator/4.3/psoc creator/import/gnu/arm/5.4.1/bin/../lib/gcc/arm-none-eabi/5.4.1/../../../../arm-none-eabi/lib/armv6-m\libg_nano.a(lib_a-wbuf.o)
                0x00002fac                __swbuf_r
 .text.__swsetup_r
                0x0000305c       0xec c:/program files (x86)/cypress/psoc creator/4.3/psoc creator/import/gnu/arm/5.4.1/bin/../lib/gcc/arm-none-eabi/5.4.1/../../../../arm-none-eabi/lib/armv6-m\libg_nano.a(lib_a-wsetup.o)
                0x0000305c                __swsetup_r
 .text.quorem   0x00003148      0x10c c:/program files (x86)/cypress/psoc creator/4.3/psoc creator/import/gnu/arm/5.4.1/bin/../lib/gcc/arm-none-eabi/5.4.1/../../../../arm-none-eabi/lib/armv6-m\libg_nano.a(lib_a-dtoa.o)
 .text._dtoa_r  0x00003254      0xb8c c:/program files (x86)/cypress/psoc creator/4.3/psoc creator/import/gnu/arm/5.4.1/bin/../lib/gcc/arm-none-eabi/5.4.1/../../../../arm-none-eabi/lib/armv6-m\libg_nano.a(lib_a-dtoa.o)
                0x00003254                _dtoa_r
 .text.__sflush_r
                0x00003de0      0x10c c:/program files (x86)/cypress/psoc creator/4.3/psoc creator/import/gnu/arm/5.4.1/bin/../lib/gcc/arm-none-eabi/5.4.1/../../../../arm-none-eabi/lib/armv6-m\libg_nano.a(lib_a-fflush.o)
                0x00003de0                __sflush_r
 .text._fflush_r
                0x00003eec       0x58 c:/program files (x86)/cypress/psoc creator/4.3/psoc creator/import/gnu/arm/5.4.1/bin/../lib/gcc/arm-none-eabi/5.4.1/../../../../arm-none-eabi/lib/armv6-m\libg_nano.a(lib_a-fflush.o)
                0x00003eec                _fflush_r
 .text._cleanup_r
                0x00003f44       0x10 c:/program files (x86)/cypress/psoc creator/4.3/psoc creator/import/gnu/arm/5.4.1/bin/../lib/gcc/arm-none-eabi/5.4.1/../../../../arm-none-eabi/lib/armv6-m\libg_nano.a(lib_a-findfp.o)
                0x00003f44                _cleanup_r
 .text.std.isra.0
                0x00003f54       0x48 c:/program files (x86)/cypress/psoc creator/4.3/psoc creator/import/gnu/arm/5.4.1/bin/../lib/gcc/arm-none-eabi/5.4.1/../../../../arm-none-eabi/lib/armv6-m\libg_nano.a(lib_a-findfp.o)
 .text.__sfmoreglue
                0x00003f9c       0x2c c:/program files (x86)/cypress/psoc creator/4.3/psoc creator/import/gnu/arm/5.4.1/bin/../lib/gcc/arm-none-eabi/5.4.1/../../../../arm-none-eabi/lib/armv6-m\libg_nano.a(lib_a-findfp.o)
                0x00003f9c                __sfmoreglue
 .text.__sinit  0x00003fc8       0x68 c:/program files (x86)/cypress/psoc creator/4.3/psoc creator/import/gnu/arm/5.4.1/bin/../lib/gcc/arm-none-eabi/5.4.1/../../../../arm-none-eabi/lib/armv6-m\libg_nano.a(lib_a-findfp.o)
                0x00003fc8                __sinit
 .text.__sfp    0x00004030       0x7c c:/program files (x86)/cypress/psoc creator/4.3/psoc creator/import/gnu/arm/5.4.1/bin/../lib/gcc/arm-none-eabi/5.4.1/../../../../arm-none-eabi/lib/armv6-m\libg_nano.a(lib_a-findfp.o)
                0x00004030                __sfp
 .text._fwalk_reent
                0x000040ac       0x42 c:/program files (x86)/cypress/psoc creator/4.3/psoc creator/import/gnu/arm/5.4.1/bin/../lib/gcc/arm-none-eabi/5.4.1/../../../../arm-none-eabi/lib/armv6-m\libg_nano.a(lib_a-fwalk.o)
                0x000040ac                _fwalk_reent
 *fill*         0x000040ee        0x2 
 .text._localeconv_r
                0x000040f0        0x8 c:/program files (x86)/cypress/psoc creator/4.3/psoc creator/import/gnu/arm/5.4.1/bin/../lib/gcc/arm-none-eabi/5.4.1/../../../../arm-none-eabi/lib/armv6-m\libg_nano.a(lib_a-locale.o)
                0x000040f0                _localeconv_r
 .text.__swhatbuf_r
                0x000040f8       0x4c c:/program files (x86)/cypress/psoc creator/4.3/psoc creator/import/gnu/arm/5.4.1/bin/../lib/gcc/arm-none-eabi/5.4.1/../../../../arm-none-eabi/lib/armv6-m\libg_nano.a(lib_a-makebuf.o)
                0x000040f8                __swhatbuf_r
 .text.__smakebuf_r
                0x00004144       0x7c c:/program files (x86)/cypress/psoc creator/4.3/psoc creator/import/gnu/arm/5.4.1/bin/../lib/gcc/arm-none-eabi/5.4.1/../../../../arm-none-eabi/lib/armv6-m\libg_nano.a(lib_a-makebuf.o)
                0x00004144                __smakebuf_r
 .text.malloc   0x000041c0       0x14 c:/program files (x86)/cypress/psoc creator/4.3/psoc creator/import/gnu/arm/5.4.1/bin/../lib/gcc/arm-none-eabi/5.4.1/../../../../arm-none-eabi/lib/armv6-m\libg_nano.a(lib_a-malloc.o)
                0x000041c0                malloc
 .text.memchr   0x000041d4       0x16 c:/program files (x86)/cypress/psoc creator/4.3/psoc creator/import/gnu/arm/5.4.1/bin/../lib/gcc/arm-none-eabi/5.4.1/../../../../arm-none-eabi/lib/armv6-m\libg_nano.a(lib_a-memchr-stub.o)
                0x000041d4                memchr
 .text.memcpy   0x000041ea       0x12 c:/program files (x86)/cypress/psoc creator/4.3/psoc creator/import/gnu/arm/5.4.1/bin/../lib/gcc/arm-none-eabi/5.4.1/../../../../arm-none-eabi/lib/armv6-m\libg_nano.a(lib_a-memcpy-stub.o)
                0x000041ea                memcpy
 .text._Balloc  0x000041fc       0x70 c:/program files (x86)/cypress/psoc creator/4.3/psoc creator/import/gnu/arm/5.4.1/bin/../lib/gcc/arm-none-eabi/5.4.1/../../../../arm-none-eabi/lib/armv6-m\libg_nano.a(lib_a-mprec.o)
                0x000041fc                _Balloc
 .text._Bfree   0x0000426c       0x32 c:/program files (x86)/cypress/psoc creator/4.3/psoc creator/import/gnu/arm/5.4.1/bin/../lib/gcc/arm-none-eabi/5.4.1/../../../../arm-none-eabi/lib/armv6-m\libg_nano.a(lib_a-mprec.o)
                0x0000426c                _Bfree
 .text.__multadd
                0x0000429e       0x7a c:/program files (x86)/cypress/psoc creator/4.3/psoc creator/import/gnu/arm/5.4.1/bin/../lib/gcc/arm-none-eabi/5.4.1/../../../../arm-none-eabi/lib/armv6-m\libg_nano.a(lib_a-mprec.o)
                0x0000429e                __multadd
 .text.__hi0bits
                0x00004318       0x36 c:/program files (x86)/cypress/psoc creator/4.3/psoc creator/import/gnu/arm/5.4.1/bin/../lib/gcc/arm-none-eabi/5.4.1/../../../../arm-none-eabi/lib/armv6-m\libg_nano.a(lib_a-mprec.o)
                0x00004318                __hi0bits
 .text.__lo0bits
                0x0000434e       0x5e c:/program files (x86)/cypress/psoc creator/4.3/psoc creator/import/gnu/arm/5.4.1/bin/../lib/gcc/arm-none-eabi/5.4.1/../../../../arm-none-eabi/lib/armv6-m\libg_nano.a(lib_a-mprec.o)
                0x0000434e                __lo0bits
 .text.__i2b    0x000043ac       0x12 c:/program files (x86)/cypress/psoc creator/4.3/psoc creator/import/gnu/arm/5.4.1/bin/../lib/gcc/arm-none-eabi/5.4.1/../../../../arm-none-eabi/lib/armv6-m\libg_nano.a(lib_a-mprec.o)
                0x000043ac                __i2b
 .text.__multiply
                0x000043be      0x112 c:/program files (x86)/cypress/psoc creator/4.3/psoc creator/import/gnu/arm/5.4.1/bin/../lib/gcc/arm-none-eabi/5.4.1/../../../../arm-none-eabi/lib/armv6-m\libg_nano.a(lib_a-mprec.o)
                0x000043be                __multiply
 .text.__pow5mult
                0x000044d0       0xa8 c:/program files (x86)/cypress/psoc creator/4.3/psoc creator/import/gnu/arm/5.4.1/bin/../lib/gcc/arm-none-eabi/5.4.1/../../../../arm-none-eabi/lib/armv6-m\libg_nano.a(lib_a-mprec.o)
                0x000044d0                __pow5mult
 .text.__lshift
                0x00004578       0xa4 c:/program files (x86)/cypress/psoc creator/4.3/psoc creator/import/gnu/arm/5.4.1/bin/../lib/gcc/arm-none-eabi/5.4.1/../../../../arm-none-eabi/lib/armv6-m\libg_nano.a(lib_a-mprec.o)
                0x00004578                __lshift
 .text.__mcmp   0x0000461c       0x36 c:/program files (x86)/cypress/psoc creator/4.3/psoc creator/import/gnu/arm/5.4.1/bin/../lib/gcc/arm-none-eabi/5.4.1/../../../../arm-none-eabi/lib/armv6-m\libg_nano.a(lib_a-mprec.o)
                0x0000461c                __mcmp
 .text.__mdiff  0x00004652       0xd6 c:/program files (x86)/cypress/psoc creator/4.3/psoc creator/import/gnu/arm/5.4.1/bin/../lib/gcc/arm-none-eabi/5.4.1/../../../../arm-none-eabi/lib/armv6-m\libg_nano.a(lib_a-mprec.o)
                0x00004652                __mdiff
 .text.__d2b    0x00004728       0xa8 c:/program files (x86)/cypress/psoc creator/4.3/psoc creator/import/gnu/arm/5.4.1/bin/../lib/gcc/arm-none-eabi/5.4.1/../../../../arm-none-eabi/lib/armv6-m\libg_nano.a(lib_a-mprec.o)
                0x00004728                __d2b
 .text._calloc_r
                0x000047d0       0x1c c:/program files (x86)/cypress/psoc creator/4.3/psoc creator/import/gnu/arm/5.4.1/bin/../lib/gcc/arm-none-eabi/5.4.1/../../../../arm-none-eabi/lib/armv6-m\libg_nano.a(lib_a-nano-callocr.o)
                0x000047d0                _calloc_r
 .text._free_r  0x000047ec       0x98 c:/program files (x86)/cypress/psoc creator/4.3/psoc creator/import/gnu/arm/5.4.1/bin/../lib/gcc/arm-none-eabi/5.4.1/../../../../arm-none-eabi/lib/armv6-m\libg_nano.a(lib_a-nano-freer.o)
                0x000047ec                _free_r
 .text._malloc_r
                0x00004884       0xc0 c:/program files (x86)/cypress/psoc creator/4.3/psoc creator/import/gnu/arm/5.4.1/bin/../lib/gcc/arm-none-eabi/5.4.1/../../../../arm-none-eabi/lib/armv6-m\libg_nano.a(lib_a-nano-mallocr.o)
                0x00004884                _malloc_r
 .text.__sfputc_r
                0x00004944       0x2a c:/program files (x86)/cypress/psoc creator/4.3/psoc creator/import/gnu/arm/5.4.1/bin/../lib/gcc/arm-none-eabi/5.4.1/../../../../arm-none-eabi/lib/armv6-m\libg_nano.a(lib_a-nano-vfprintf.o)
 .text.__sfputs_r
                0x0000496e       0x24 c:/program files (x86)/cypress/psoc creator/4.3/psoc creator/import/gnu/arm/5.4.1/bin/../lib/gcc/arm-none-eabi/5.4.1/../../../../arm-none-eabi/lib/armv6-m\libg_nano.a(lib_a-nano-vfprintf.o)
                0x0000496e                __sfputs_r
 *fill*         0x00004992        0x2 
 .text._vfprintf_r
                0x00004994      0x238 c:/program files (x86)/cypress/psoc creator/4.3/psoc creator/import/gnu/arm/5.4.1/bin/../lib/gcc/arm-none-eabi/5.4.1/../../../../arm-none-eabi/lib/armv6-m\libg_nano.a(lib_a-nano-vfprintf.o)
                0x00004994                _vfprintf_r
                0x00004994                _vfiprintf_r
 .text._sbrk_r  0x00004bcc       0x24 c:/program files (x86)/cypress/psoc creator/4.3/psoc creator/import/gnu/arm/5.4.1/bin/../lib/gcc/arm-none-eabi/5.4.1/../../../../arm-none-eabi/lib/armv6-m\libg_nano.a(lib_a-sbrkr.o)
                0x00004bcc                _sbrk_r
 .text.__sread  0x00004bf0       0x28 c:/program files (x86)/cypress/psoc creator/4.3/psoc creator/import/gnu/arm/5.4.1/bin/../lib/gcc/arm-none-eabi/5.4.1/../../../../arm-none-eabi/lib/armv6-m\libg_nano.a(lib_a-stdio.o)
                0x00004bf0                __sread
 .text.__swrite
                0x00004c18       0x38 c:/program files (x86)/cypress/psoc creator/4.3/psoc creator/import/gnu/arm/5.4.1/bin/../lib/gcc/arm-none-eabi/5.4.1/../../../../arm-none-eabi/lib/armv6-m\libg_nano.a(lib_a-stdio.o)
                0x00004c18                __swrite
 .text.__sseek  0x00004c50       0x2c c:/program files (x86)/cypress/psoc creator/4.3/psoc creator/import/gnu/arm/5.4.1/bin/../lib/gcc/arm-none-eabi/5.4.1/../../../../arm-none-eabi/lib/armv6-m\libg_nano.a(lib_a-stdio.o)
                0x00004c50                __sseek
 .text.__sclose
                0x00004c7c        0xc c:/program files (x86)/cypress/psoc creator/4.3/psoc creator/import/gnu/arm/5.4.1/bin/../lib/gcc/arm-none-eabi/5.4.1/../../../../arm-none-eabi/lib/armv6-m\libg_nano.a(lib_a-stdio.o)
                0x00004c7c                __sclose
 .text._write_r
                0x00004c88       0x28 c:/program files (x86)/cypress/psoc creator/4.3/psoc creator/import/gnu/arm/5.4.1/bin/../lib/gcc/arm-none-eabi/5.4.1/../../../../arm-none-eabi/lib/armv6-m\libg_nano.a(lib_a-writer.o)
                0x00004c88                _write_r
 .text._close_r
                0x00004cb0       0x24 c:/program files (x86)/cypress/psoc creator/4.3/psoc creator/import/gnu/arm/5.4.1/bin/../lib/gcc/arm-none-eabi/5.4.1/../../../../arm-none-eabi/lib/armv6-m\libg_nano.a(lib_a-closer.o)
                0x00004cb0                _close_r
 .text._fstat_r
                0x00004cd4       0x24 c:/program files (x86)/cypress/psoc creator/4.3/psoc creator/import/gnu/arm/5.4.1/bin/../lib/gcc/arm-none-eabi/5.4.1/../../../../arm-none-eabi/lib/armv6-m\libg_nano.a(lib_a-fstatr.o)
                0x00004cd4                _fstat_r
 .text._isatty_r
                0x00004cf8       0x24 c:/program files (x86)/cypress/psoc creator/4.3/psoc creator/import/gnu/arm/5.4.1/bin/../lib/gcc/arm-none-eabi/5.4.1/../../../../arm-none-eabi/lib/armv6-m\libg_nano.a(lib_a-isattyr.o)
                0x00004cf8                _isatty_r
 .text._lseek_r
                0x00004d1c       0x28 c:/program files (x86)/cypress/psoc creator/4.3/psoc creator/import/gnu/arm/5.4.1/bin/../lib/gcc/arm-none-eabi/5.4.1/../../../../arm-none-eabi/lib/armv6-m\libg_nano.a(lib_a-lseekr.o)
                0x00004d1c                _lseek_r
 .text.__malloc_lock
                0x00004d44        0x2 c:/program files (x86)/cypress/psoc creator/4.3/psoc creator/import/gnu/arm/5.4.1/bin/../lib/gcc/arm-none-eabi/5.4.1/../../../../arm-none-eabi/lib/armv6-m\libg_nano.a(lib_a-mlock.o)
                0x00004d44                __malloc_lock
 .text.__malloc_unlock
                0x00004d46        0x2 c:/program files (x86)/cypress/psoc creator/4.3/psoc creator/import/gnu/arm/5.4.1/bin/../lib/gcc/arm-none-eabi/5.4.1/../../../../arm-none-eabi/lib/armv6-m\libg_nano.a(lib_a-mlock.o)
                0x00004d46                __malloc_unlock
 .text._read_r  0x00004d48       0x28 c:/program files (x86)/cypress/psoc creator/4.3/psoc creator/import/gnu/arm/5.4.1/bin/../lib/gcc/arm-none-eabi/5.4.1/../../../../arm-none-eabi/lib/armv6-m\libg_nano.a(lib_a-readr.o)
                0x00004d48                _read_r
 .text          0x00004d70       0x14 c:/program files (x86)/cypress/psoc creator/4.3/psoc creator/import/gnu/arm/5.4.1/bin/../lib/gcc/arm-none-eabi/5.4.1/armv6-m\libgcc.a(_thumb1_case_uqi.o)
                0x00004d70                __gnu_thumb1_case_uqi
 .text          0x00004d84       0x7c c:/program files (x86)/cypress/psoc creator/4.3/psoc creator/import/gnu/arm/5.4.1/bin/../lib/gcc/arm-none-eabi/5.4.1/armv6-m\libgcc.a(_arm_cmpdf2.o)
                0x00004d84                __aeabi_cdrcmple
                0x00004d94                __aeabi_cdcmple
                0x00004d94                __aeabi_cdcmpeq
                0x00004da4                __aeabi_dcmpeq
                0x00004db0                __aeabi_dcmplt
                0x00004dc4                __aeabi_dcmple
                0x00004dd8                __aeabi_dcmpgt
                0x00004dec                __aeabi_dcmpge
 .text          0x00004e00      0x658 c:/program files (x86)/cypress/psoc creator/4.3/psoc creator/import/gnu/arm/5.4.1/bin/../lib/gcc/arm-none-eabi/5.4.1/armv6-m\libgcc.a(adddf3.o)
                0x00004e00                __aeabi_dadd
 .text          0x00005458      0x62c c:/program files (x86)/cypress/psoc creator/4.3/psoc creator/import/gnu/arm/5.4.1/bin/../lib/gcc/arm-none-eabi/5.4.1/armv6-m\libgcc.a(divdf3.o)
                0x00005458                __aeabi_ddiv
 .text          0x00005a84       0x80 c:/program files (x86)/cypress/psoc creator/4.3/psoc creator/import/gnu/arm/5.4.1/bin/../lib/gcc/arm-none-eabi/5.4.1/armv6-m\libgcc.a(eqdf2.o)
                0x00005a84                __nedf2
                0x00005a84                __eqdf2
 .text          0x00005b04       0xc8 c:/program files (x86)/cypress/psoc creator/4.3/psoc creator/import/gnu/arm/5.4.1/bin/../lib/gcc/arm-none-eabi/5.4.1/armv6-m\libgcc.a(gedf2.o)
                0x00005b04                __gedf2
                0x00005b04                __gtdf2
 .text          0x00005bcc       0xd4 c:/program files (x86)/cypress/psoc creator/4.3/psoc creator/import/gnu/arm/5.4.1/bin/../lib/gcc/arm-none-eabi/5.4.1/armv6-m\libgcc.a(ledf2.o)
                0x00005bcc                __ledf2
                0x00005bcc                __ltdf2
 .text          0x00005ca0      0x4f4 c:/program files (x86)/cypress/psoc creator/4.3/psoc creator/import/gnu/arm/5.4.1/bin/../lib/gcc/arm-none-eabi/5.4.1/armv6-m\libgcc.a(muldf3.o)
                0x00005ca0                __aeabi_dmul
 .text          0x00006194      0x6a8 c:/program files (x86)/cypress/psoc creator/4.3/psoc creator/import/gnu/arm/5.4.1/bin/../lib/gcc/arm-none-eabi/5.4.1/armv6-m\libgcc.a(subdf3.o)
                0x00006194                __aeabi_dsub
 .text          0x0000683c       0x40 c:/program files (x86)/cypress/psoc creator/4.3/psoc creator/import/gnu/arm/5.4.1/bin/../lib/gcc/arm-none-eabi/5.4.1/armv6-m\libgcc.a(unorddf2.o)
                0x0000683c                __aeabi_dcmpun
 .text          0x0000687c       0x6c c:/program files (x86)/cypress/psoc creator/4.3/psoc creator/import/gnu/arm/5.4.1/bin/../lib/gcc/arm-none-eabi/5.4.1/armv6-m\libgcc.a(fixdfsi.o)
                0x0000687c                __aeabi_d2iz
 .text          0x000068e8       0x84 c:/program files (x86)/cypress/psoc creator/4.3/psoc creator/import/gnu/arm/5.4.1/bin/../lib/gcc/arm-none-eabi/5.4.1/armv6-m\libgcc.a(floatsidf.o)
                0x000068e8                __aeabi_i2d
 .text          0x0000696c       0x70 c:/program files (x86)/cypress/psoc creator/4.3/psoc creator/import/gnu/arm/5.4.1/bin/../lib/gcc/arm-none-eabi/5.4.1/armv6-m\libgcc.a(floatunsidf.o)
                0x0000696c                __aeabi_ui2d
 .text._close   0x000069dc       0x10 c:/program files (x86)/cypress/psoc creator/4.3/psoc creator/import/gnu/arm/5.4.1/bin/../lib/gcc/arm-none-eabi/5.4.1/../../../../arm-none-eabi/lib/armv6-m\libnosys.a(close.o)
                0x000069dc                _close
 .text._fstat   0x000069ec       0x10 c:/program files (x86)/cypress/psoc creator/4.3/psoc creator/import/gnu/arm/5.4.1/bin/../lib/gcc/arm-none-eabi/5.4.1/../../../../arm-none-eabi/lib/armv6-m\libnosys.a(fstat.o)
                0x000069ec                _fstat
 .text._isatty  0x000069fc       0x10 c:/program files (x86)/cypress/psoc creator/4.3/psoc creator/import/gnu/arm/5.4.1/bin/../lib/gcc/arm-none-eabi/5.4.1/../../../../arm-none-eabi/lib/armv6-m\libnosys.a(isatty.o)
                0x000069fc                _isatty
 .text._lseek   0x00006a0c       0x10 c:/program files (x86)/cypress/psoc creator/4.3/psoc creator/import/gnu/arm/5.4.1/bin/../lib/gcc/arm-none-eabi/5.4.1/../../../../arm-none-eabi/lib/armv6-m\libnosys.a(lseek.o)
                0x00006a0c                _lseek
 .text._read    0x00006a1c       0x10 c:/program files (x86)/cypress/psoc creator/4.3/psoc creator/import/gnu/arm/5.4.1/bin/../lib/gcc/arm-none-eabi/5.4.1/../../../../arm-none-eabi/lib/armv6-m\libnosys.a(read.o)
                0x00006a1c                _read
 *(.plt)
 *(.gnu.warning)
 *(.glue_7t)
 .glue_7t       0x00006a2c        0x0 linker stubs
 *(.glue_7)
 .glue_7        0x00006a2c        0x0 linker stubs
 *(.vfp11_veneer)
 .vfp11_veneer  0x00006a2c        0x0 linker stubs
 *(.bootloader)
 *(.ARM.extab* .gnu.linkonce.armextab.*)
 *(.gcc_except_table)

.v4_bx          0x00006a2c        0x0
 .v4_bx         0x00006a2c        0x0 linker stubs

.iplt           0x00006a2c        0x0
 .iplt          0x00006a2c        0x0 c:/program files (x86)/cypress/psoc creator/4.3/psoc creator/import/gnu/arm/5.4.1/bin/../lib/gcc/arm-none-eabi/5.4.1/armv6-m/crtbegin.o

.eh_frame_hdr
 *(.eh_frame_hdr)

.eh_frame       0x00006a2c        0x4
 *(.eh_frame)
 .eh_frame      0x00006a2c        0x0 c:/program files (x86)/cypress/psoc creator/4.3/psoc creator/import/gnu/arm/5.4.1/bin/../lib/gcc/arm-none-eabi/5.4.1/armv6-m/crtbegin.o
 .eh_frame      0x00006a2c        0x4 c:/program files (x86)/cypress/psoc creator/4.3/psoc creator/import/gnu/arm/5.4.1/bin/../lib/gcc/arm-none-eabi/5.4.1/armv6-m/crtend.o
                [!provide]                PROVIDE (__exidx_start, .)

.ARM.exidx      0x00006a30        0x8
 *(.ARM.exidx* .gnu.linkonce.armexidx.*)
 .ARM.exidx     0x00006a30        0x8 c:/program files (x86)/cypress/psoc creator/4.3/psoc creator/import/gnu/arm/5.4.1/bin/../lib/gcc/arm-none-eabi/5.4.1/armv6-m\libgcc.a(_udivmoddi4.o)
                0x00006a38                __exidx_end = .

.rodata         0x00006a38      0x428
 *(.rodata .rodata.* .gnu.linkonce.r.*)
 .rodata.str1.4
                0x00006a38       0x28 .\CortexM0\ARM_GCC_541\Debug\main.o
                                 0x25 (size before relaxing)
 .rodata        0x00006a60       0xec .\CortexM0\ARM_GCC_541\Debug\cyfitter_cfg.o
 .rodata        0x00006b4c       0x2e .\CortexM0\ARM_GCC_541\Debug\Design01.a(CyLib.o)
                0x00006b4c                cyImoFreqMhz2Reg
 *fill*         0x00006b7a        0x2 
 .rodata        0x00006b7c       0x24 .\CortexM0\ARM_GCC_541\Debug\Design01.a(RTC.o)
                0x00006b7c                RTC_daysBeforeMonthTbl
                0x00006b94                RTC_daysInMonthTbl
 .rodata        0x00006ba0       0x40 c:/program files (x86)/cypress/psoc creator/4.3/psoc creator/import/gnu/arm/5.4.1/bin/../lib/gcc/arm-none-eabi/5.4.1/armv6-m\libgcc.a(mulsf3.o)
 .rodata.str1.1
                0x00006be0        0x2 c:/program files (x86)/cypress/psoc creator/4.3/psoc creator/import/gnu/arm/5.4.1/bin/../lib/gcc/arm-none-eabi/5.4.1/../../../../arm-none-eabi/lib/armv6-m\libg_nano.a(lib_a-impure.o)
 *fill*         0x00006be2        0x2 
 .rodata._global_impure_ptr
                0x00006be4        0x4 c:/program files (x86)/cypress/psoc creator/4.3/psoc creator/import/gnu/arm/5.4.1/bin/../lib/gcc/arm-none-eabi/5.4.1/../../../../arm-none-eabi/lib/armv6-m\libg_nano.a(lib_a-impure.o)
                0x00006be4                _global_impure_ptr
 .rodata.str1.1
                0x00006be8       0x12 c:/program files (x86)/cypress/psoc creator/4.3/psoc creator/import/gnu/arm/5.4.1/bin/../lib/gcc/arm-none-eabi/5.4.1/../../../../arm-none-eabi/lib/armv6-m\libg_nano.a(lib_a-nano-vfprintf_float.o)
 .rodata.str1.1
                0x00006bfa       0x22 c:/program files (x86)/cypress/psoc creator/4.3/psoc creator/import/gnu/arm/5.4.1/bin/../lib/gcc/arm-none-eabi/5.4.1/../../../../arm-none-eabi/lib/armv6-m\libg_nano.a(lib_a-nano-vfprintf_i.o)
 .rodata.str1.1
                0x00006c1c        0xd c:/program files (x86)/cypress/psoc creator/4.3/psoc creator/import/gnu/arm/5.4.1/bin/../lib/gcc/arm-none-eabi/5.4.1/../../../../arm-none-eabi/lib/armv6-m\libg_nano.a(lib_a-dtoa.o)
                                  0xf (size before relaxing)
 *fill*         0x00006c29        0x3 
 .rodata.__sf_fake_stdin
                0x00006c2c       0x20 c:/program files (x86)/cypress/psoc creator/4.3/psoc creator/import/gnu/arm/5.4.1/bin/../lib/gcc/arm-none-eabi/5.4.1/../../../../arm-none-eabi/lib/armv6-m\libg_nano.a(lib_a-findfp.o)
                0x00006c2c                __sf_fake_stdin
 .rodata.__sf_fake_stdout
                0x00006c4c       0x20 c:/program files (x86)/cypress/psoc creator/4.3/psoc creator/import/gnu/arm/5.4.1/bin/../lib/gcc/arm-none-eabi/5.4.1/../../../../arm-none-eabi/lib/armv6-m\libg_nano.a(lib_a-findfp.o)
                0x00006c4c                __sf_fake_stdout
 .rodata.__sf_fake_stderr
                0x00006c6c       0x20 c:/program files (x86)/cypress/psoc creator/4.3/psoc creator/import/gnu/arm/5.4.1/bin/../lib/gcc/arm-none-eabi/5.4.1/../../../../arm-none-eabi/lib/armv6-m\libg_nano.a(lib_a-findfp.o)
                0x00006c6c                __sf_fake_stderr
 .rodata.str1.1
                0x00006c8c        0x8 c:/program files (x86)/cypress/psoc creator/4.3/psoc creator/import/gnu/arm/5.4.1/bin/../lib/gcc/arm-none-eabi/5.4.1/../../../../arm-none-eabi/lib/armv6-m\libg_nano.a(lib_a-locale.o)
                                  0xb (size before relaxing)
 *fill*         0x00006c94        0x4 
 .rodata.__mprec_tens
                0x00006c98       0xc8 c:/program files (x86)/cypress/psoc creator/4.3/psoc creator/import/gnu/arm/5.4.1/bin/../lib/gcc/arm-none-eabi/5.4.1/../../../../arm-none-eabi/lib/armv6-m\libg_nano.a(lib_a-mprec.o)
                0x00006c98                __mprec_tens
 .rodata.p05.5408
                0x00006d60        0xc c:/program files (x86)/cypress/psoc creator/4.3/psoc creator/import/gnu/arm/5.4.1/bin/../lib/gcc/arm-none-eabi/5.4.1/../../../../arm-none-eabi/lib/armv6-m\libg_nano.a(lib_a-mprec.o)
 *fill*         0x00006d6c        0x4 
 .rodata.__mprec_bigtens
                0x00006d70       0x28 c:/program files (x86)/cypress/psoc creator/4.3/psoc creator/import/gnu/arm/5.4.1/bin/../lib/gcc/arm-none-eabi/5.4.1/../../../../arm-none-eabi/lib/armv6-m\libg_nano.a(lib_a-mprec.o)
                0x00006d70                __mprec_bigtens
 .rodata.str1.1
                0x00006d98       0x11 c:/program files (x86)/cypress/psoc creator/4.3/psoc creator/import/gnu/arm/5.4.1/bin/../lib/gcc/arm-none-eabi/5.4.1/../../../../arm-none-eabi/lib/armv6-m\libg_nano.a(lib_a-nano-vfprintf.o)
 *fill*         0x00006da9        0x3 
 .rodata        0x00006dac       0x40 c:/program files (x86)/cypress/psoc creator/4.3/psoc creator/import/gnu/arm/5.4.1/bin/../lib/gcc/arm-none-eabi/5.4.1/armv6-m\libgcc.a(divdf3.o)
 .rodata        0x00006dec       0x40 c:/program files (x86)/cypress/psoc creator/4.3/psoc creator/import/gnu/arm/5.4.1/bin/../lib/gcc/arm-none-eabi/5.4.1/armv6-m\libgcc.a(muldf3.o)
                0x00006e2c                . = ALIGN (0x4)
 *(.init)
 .init          0x00006e2c        0x4 c:/program files (x86)/cypress/psoc creator/4.3/psoc creator/import/gnu/arm/5.4.1/bin/../lib/gcc/arm-none-eabi/5.4.1/armv6-m/crti.o
                0x00006e2c                _init
 .init          0x00006e30        0x8 c:/program files (x86)/cypress/psoc creator/4.3/psoc creator/import/gnu/arm/5.4.1/bin/../lib/gcc/arm-none-eabi/5.4.1/armv6-m/crtn.o
                0x00006e38                . = ALIGN (0x4)
                0x00006e38                __preinit_array_start = .
 *(.preinit_array)
                0x00006e38                __preinit_array_end = .
                0x00006e38                . = ALIGN (0x4)
                0x00006e38                __init_array_start = .
 *(SORT(.init_array.*))
 *(.init_array)
 .init_array    0x00006e38        0x4 c:/program files (x86)/cypress/psoc creator/4.3/psoc creator/import/gnu/arm/5.4.1/bin/../lib/gcc/arm-none-eabi/5.4.1/armv6-m/crtbegin.o
 .init_array    0x00006e3c        0x4 .\CortexM0\ARM_GCC_541\Debug\Cm0Start.o
                0x00006e40                __init_array_end = .
                0x00006e40                . = ALIGN (0x4)
 *(.fini)
 .fini          0x00006e40        0x4 c:/program files (x86)/cypress/psoc creator/4.3/psoc creator/import/gnu/arm/5.4.1/bin/../lib/gcc/arm-none-eabi/5.4.1/armv6-m/crti.o
                0x00006e40                _fini
 .fini          0x00006e44        0x8 c:/program files (x86)/cypress/psoc creator/4.3/psoc creator/import/gnu/arm/5.4.1/bin/../lib/gcc/arm-none-eabi/5.4.1/armv6-m/crtn.o
                0x00006e4c                . = ALIGN (0x4)
                0x00006e4c                __fini_array_start = .
 *(.fini_array)
 .fini_array    0x00006e4c        0x4 c:/program files (x86)/cypress/psoc creator/4.3/psoc creator/import/gnu/arm/5.4.1/bin/../lib/gcc/arm-none-eabi/5.4.1/armv6-m/crtbegin.o
 *(SORT(.fini_array.*))
                0x00006e50                __fini_array_end = .
                0x00006e50                . = ALIGN (0x4)
 *crtbegin.o(.ctors)
 *(EXCLUDE_FILE(*crtend.o) .ctors)
 *(SORT(.ctors.*))
 *crtend.o(.ctors)
                0x00006e50                . = ALIGN (0x4)
 *crtbegin.o(.dtors)
 *(EXCLUDE_FILE(*crtend.o) .dtors)
 *(SORT(.dtors.*))
 *crtend.o(.dtors)
                0x00006e50                . = ALIGN (0x4)
                0x00006e50                __cy_regions = .
                0x00006e50        0x4 LONG 0x6e60 __cy_region_init_ram
                0x00006e54        0x4 LONG 0x200000c0 __cy_region_start_data
                0x00006e58        0x4 LONG 0xd8 __cy_region_init_size_ram
                0x00006e5c        0x4 LONG 0xf8 __cy_region_zero_size_ram
                0x00006e60                __cy_regions_end = .
                0x00006e60                . = ALIGN (0x8)
                0x00006e60                _etext = .

.cy_checksum_exclude
                0x00006e60        0x0
 *(.cy_checksum_exclude)

.ramvectors     0x20000000       0xc0
                0x20000000                __cy_region_start_ram = .
 *(.ramvectors)
 .ramvectors    0x20000000       0xc0 .\CortexM0\ARM_GCC_541\Debug\Cm0Start.o
                0x20000000                CyRamVectors

.noinit
 *(.noinit)

.data           0x200000c0       0xd8 load address 0x00006e60
                0x200000c0                __cy_region_start_data = .
 *(.jcr)
 .jcr           0x200000c0        0x0 c:/program files (x86)/cypress/psoc creator/4.3/psoc creator/import/gnu/arm/5.4.1/bin/../lib/gcc/arm-none-eabi/5.4.1/armv6-m/crtbegin.o
 .jcr           0x200000c0        0x4 c:/program files (x86)/cypress/psoc creator/4.3/psoc creator/import/gnu/arm/5.4.1/bin/../lib/gcc/arm-none-eabi/5.4.1/armv6-m/crtend.o
 *(.got.plt)
 *(.got)
 *(.shdata)
 *(.data .data.* .gnu.linkonce.d.*)
 .data          0x200000c4       0x18 .\CortexM0\ARM_GCC_541\Debug\main.o
                0x200000c4                DigitalFilter_ACoefs
                0x200000d0                DigitalFilter_BCoefs
 .data          0x200000dc        0x4 .\CortexM0\ARM_GCC_541\Debug\Cm0Start.o
 .data          0x200000e0       0x14 .\CortexM0\ARM_GCC_541\Debug\Design01.a(CyLib.o)
                0x200000e0                CySysClkPumpConfig
                0x200000e4                cydelay32kMs
                0x200000e8                cydelayFreqKhz
                0x200000ec                cydelayFreqMhz
                0x200000f0                cydelayFreqHz
 .data          0x200000f4        0x4 .\CortexM0\ARM_GCC_541\Debug\Design01.a(CyLFClk.o)
 .data.impure_data
                0x200000f8       0x60 c:/program files (x86)/cypress/psoc creator/4.3/psoc creator/import/gnu/arm/5.4.1/bin/../lib/gcc/arm-none-eabi/5.4.1/../../../../arm-none-eabi/lib/armv6-m\libg_nano.a(lib_a-impure.o)
 .data._impure_ptr
                0x20000158        0x4 c:/program files (x86)/cypress/psoc creator/4.3/psoc creator/import/gnu/arm/5.4.1/bin/../lib/gcc/arm-none-eabi/5.4.1/../../../../arm-none-eabi/lib/armv6-m\libg_nano.a(lib_a-impure.o)
                0x20000158                _impure_ptr
 .data.lconv    0x2000015c       0x38 c:/program files (x86)/cypress/psoc creator/4.3/psoc creator/import/gnu/arm/5.4.1/bin/../lib/gcc/arm-none-eabi/5.4.1/../../../../arm-none-eabi/lib/armv6-m\libg_nano.a(lib_a-locale.o)
                0x20000198                . = ALIGN (0x8)
 *fill*         0x20000194        0x4 
 *(.ram)
                0x20000198                _edata = .

.igot.plt       0x20000198        0x0 load address 0x00006f38
 .igot.plt      0x20000198        0x0 c:/program files (x86)/cypress/psoc creator/4.3/psoc creator/import/gnu/arm/5.4.1/bin/../lib/gcc/arm-none-eabi/5.4.1/armv6-m/crtbegin.o

.bss            0x20000198       0xf8 load address 0x00006f38
                0x20000198                PROVIDE (__bss_start__, .)
 *(.shbss)
 *(.bss .bss.* .gnu.linkonce.b.*)
 .bss           0x20000198       0x1c c:/program files (x86)/cypress/psoc creator/4.3/psoc creator/import/gnu/arm/5.4.1/bin/../lib/gcc/arm-none-eabi/5.4.1/armv6-m/crtbegin.o
 .bss           0x200001b4        0x6 .\CortexM0\ARM_GCC_541\Debug\main.o
                0x200001b4                cnt
                0x200001b8                result
 *fill*         0x200001ba        0x2 
 .bss           0x200001bc       0x20 .\CortexM0\ARM_GCC_541\Debug\Design01.a(CyLFClk.o)
 .bss           0x200001dc        0x1 .\CortexM0\ARM_GCC_541\Debug\Design01.a(ADC.o)
                0x200001dc                ADC_initVar
 .bss           0x200001dd        0x1 .\CortexM0\ARM_GCC_541\Debug\Design01.a(ADC_Timer.o)
                0x200001dd                ADC_Timer_initVar
 *fill*         0x200001de        0x2 
 .bss           0x200001e0        0x4 .\CortexM0\ARM_GCC_541\Debug\Design01.a(IDAC.o)
                0x200001e0                IDAC_initVar
 .bss           0x200001e4        0x4 .\CortexM0\ARM_GCC_541\Debug\Design01.a(D_UART.o)
                0x200001e4                D_UART_initVar
                0x200001e6                D_UART_IntrTxMask
 .bss           0x200001e8       0x24 .\CortexM0\ARM_GCC_541\Debug\Design01.a(RTC.o)
 .bss.__malloc_sbrk_start
                0x2000020c        0x4 c:/program files (x86)/cypress/psoc creator/4.3/psoc creator/import/gnu/arm/5.4.1/bin/../lib/gcc/arm-none-eabi/5.4.1/../../../../arm-none-eabi/lib/armv6-m\libg_nano.a(lib_a-nano-mallocr.o)
                0x2000020c                __malloc_sbrk_start
 .bss.__malloc_free_list
                0x20000210        0x4 c:/program files (x86)/cypress/psoc creator/4.3/psoc creator/import/gnu/arm/5.4.1/bin/../lib/gcc/arm-none-eabi/5.4.1/../../../../arm-none-eabi/lib/armv6-m\libg_nano.a(lib_a-nano-mallocr.o)
                0x20000210                __malloc_free_list
 *(COMMON)
 COMMON         0x20000214       0x10 .\CortexM0\ARM_GCC_541\Debug\main.o
                0x20000214                time
                0x20000218                DigitalFilter_Buffer
 COMMON         0x20000224        0x6 .\CortexM0\ARM_GCC_541\Debug\Design01.a(ADC.o)
                0x20000224                ADC_countsPer10Volt
                0x20000228                ADC_offset
 *fill*         0x2000022a        0x6 
 COMMON         0x20000230       0x58 .\CortexM0\ARM_GCC_541\Debug\Design01.a(RTC.o)
                0x20000230                RTC_dstStartTime
                0x20000248                RTC_initVar
                0x2000024c                RTC_dstStopTime
                0x20000264                RTC_currentTimeDate
                0x20000274                RTC_alarmCurStatus
                0x20000278                RTC_dstStatus
                0x20000280                RTC_unixTime
 COMMON         0x20000288        0x4 c:/program files (x86)/cypress/psoc creator/4.3/psoc creator/import/gnu/arm/5.4.1/bin/../lib/gcc/arm-none-eabi/5.4.1/../../../../arm-none-eabi/lib/armv6-m\libg_nano.a(lib_a-reent.o)
                0x20000288                errno
                0x20000290                . = ALIGN (0x8)
 *fill*         0x2000028c        0x4 
 *(.ram.b)
                0x20000290                _end = .
                0x20000290                __end = .
                0x20000290                PROVIDE (end, .)
                0x20000290                PROVIDE (__bss_end__, .)
                0x00006e60                __cy_region_init_ram = LOADADDR (.data)
                0x000000d8                __cy_region_init_size_ram = (_edata - ADDR (.data))
                0x000000f8                __cy_region_zero_size_ram = (_end - _edata)

.heap           0x20000290      0x300 load address 0x00006f38
                0x20000290                . = _end
                0x20000590                . = (. + 0x300)
 *fill*         0x20000290      0x300 
                0x20000590                __cy_heap_limit = .

.stack          0x20000c00      0x400
                0x20000c00                __cy_stack_limit = .
                0x20001000                . = (. + 0x400)
 *fill*         0x20000c00      0x400 
                0x00000001                ASSERT ((__cy_stack_limit >= __cy_heap_limit), region RAM overflowed with stack)
                0x00000000                cy_checksum_exclude_size = (CY_APPL_LOADABLE == 0x1)?SIZEOF (.cy_checksum_exclude):0x0
                0x00000001                ASSERT ((cy_checksum_exclude_size <= CY_CHECKSUM_EXCLUDE_SIZE), CY_BOOT: Section .cy_checksum_exclude size exceedes specified limit.)
                0x00007fc0                cyloadermeta_start = (cy_project_type_bootloader || cy_project_type_app_for_stack_and_copier)?(LENGTH (rom) - CY_METADATA_SIZE):0xf0000000

.cyloadermeta
 *(.cyloadermeta)
                0x00007fc0                cyloadablemeta_start = cy_project_type_app_for_stack_and_copier?((LENGTH (rom) - CY_FLASH_ROW_SIZE) - CY_METADATA_SIZE):((LENGTH (rom) - (CY_FLASH_ROW_SIZE * (CY_APPL_NUM - 0x1))) - CY_METADATA_SIZE)

.cyloadablemeta
 *(.cyloadablemeta)

.cyflashprotect
                0x90400000       0x20
 *(.cyflashprotect)
 .cyflashprotect
                0x90400000       0x20 .\CortexM0\ARM_GCC_541\Debug\cymetadata.o
                0x90400000                cy_meta_flashprotect

.cymeta         0x90500000        0xc
 *(.cymeta)
 .cymeta        0x90500000        0xc .\CortexM0\ARM_GCC_541\Debug\cymetadata.o
                0x90500000                cy_metadata

.cychipprotect  0x90600000        0x1
 *(.cychipprotect)
 .cychipprotect
                0x90600000        0x1 .\CortexM0\ARM_GCC_541\Debug\cymetadata.o
                0x90600000                cy_meta_chipprotect

.rel.dyn        0x00006f38        0x0 load address 0x90600004
 .rel.iplt      0x00006f38        0x0 c:/program files (x86)/cypress/psoc creator/4.3/psoc creator/import/gnu/arm/5.4.1/bin/../lib/gcc/arm-none-eabi/5.4.1/armv6-m/crtbegin.o

.stab           0x00000000       0x84
 *(.stab)
 .stab          0x00000000       0x24 c:/program files (x86)/cypress/psoc creator/4.3/psoc creator/import/gnu/arm/5.4.1/bin/../lib/gcc/arm-none-eabi/5.4.1/../../../../arm-none-eabi/lib/armv6-m\libnosys.a(close.o)
 .stab          0x00000024       0x18 c:/program files (x86)/cypress/psoc creator/4.3/psoc creator/import/gnu/arm/5.4.1/bin/../lib/gcc/arm-none-eabi/5.4.1/../../../../arm-none-eabi/lib/armv6-m\libnosys.a(fstat.o)
                                 0x24 (size before relaxing)
 .stab          0x0000003c       0x18 c:/program files (x86)/cypress/psoc creator/4.3/psoc creator/import/gnu/arm/5.4.1/bin/../lib/gcc/arm-none-eabi/5.4.1/../../../../arm-none-eabi/lib/armv6-m\libnosys.a(isatty.o)
                                 0x24 (size before relaxing)
 .stab          0x00000054       0x18 c:/program files (x86)/cypress/psoc creator/4.3/psoc creator/import/gnu/arm/5.4.1/bin/../lib/gcc/arm-none-eabi/5.4.1/../../../../arm-none-eabi/lib/armv6-m\libnosys.a(lseek.o)
                                 0x24 (size before relaxing)
 .stab          0x0000006c       0x18 c:/program files (x86)/cypress/psoc creator/4.3/psoc creator/import/gnu/arm/5.4.1/bin/../lib/gcc/arm-none-eabi/5.4.1/../../../../arm-none-eabi/lib/armv6-m\libnosys.a(read.o)
                                 0x24 (size before relaxing)

.stabstr        0x00000000      0x117
 *(.stabstr)
 .stabstr       0x00000000      0x117 c:/program files (x86)/cypress/psoc creator/4.3/psoc creator/import/gnu/arm/5.4.1/bin/../lib/gcc/arm-none-eabi/5.4.1/../../../../arm-none-eabi/lib/armv6-m\libnosys.a(close.o)

.debug
 *(.debug)

.line
 *(.line)

.debug_srcinfo
 *(.debug_srcinfo)

.debug_sfnames
 *(.debug_sfnames)

.debug_aranges  0x00000000      0x830
 *(.debug_aranges)
 .debug_aranges
                0x00000000       0x40 .\CortexM0\ARM_GCC_541\Debug\main.o
 .debug_aranges
                0x00000040       0x48 .\CortexM0\ARM_GCC_541\Debug\cyfitter_cfg.o
 .debug_aranges
                0x00000088       0x18 .\CortexM0\ARM_GCC_541\Debug\cymetadata.o
 .debug_aranges
                0x000000a0       0x48 .\CortexM0\ARM_GCC_541\Debug\Cm0Start.o
 .debug_aranges
                0x000000e8      0x180 .\CortexM0\ARM_GCC_541\Debug\Design01.a(CyLib.o)
 .debug_aranges
                0x00000268      0x138 .\CortexM0\ARM_GCC_541\Debug\Design01.a(CyLFClk.o)
 .debug_aranges
                0x000003a0       0xa8 .\CortexM0\ARM_GCC_541\Debug\Design01.a(ADC.o)
 .debug_aranges
                0x00000448       0x20 .\CortexM0\ARM_GCC_541\Debug\Design01.a(ADC_INT.o)
 .debug_aranges
                0x00000468       0x90 .\CortexM0\ARM_GCC_541\Debug\Design01.a(ADC_Timer.o)
 .debug_aranges
                0x000004f8       0x40 .\CortexM0\ARM_GCC_541\Debug\Design01.a(IDAC.o)
 .debug_aranges
                0x00000538       0x80 .\CortexM0\ARM_GCC_541\Debug\Design01.a(isr_adc.o)
 .debug_aranges
                0x000005b8       0x80 .\CortexM0\ARM_GCC_541\Debug\Design01.a(ADC_IRQ.o)
 .debug_aranges
                0x00000638       0x60 .\CortexM0\ARM_GCC_541\Debug\Design01.a(D_UART.o)
 .debug_aranges
                0x00000698       0x48 .\CortexM0\ARM_GCC_541\Debug\Design01.a(D_UART_SPI_UART.o)
 .debug_aranges
                0x000006e0       0x58 .\CortexM0\ARM_GCC_541\Debug\Design01.a(D_UART_UART.o)
 .debug_aranges
                0x00000738       0xd8 .\CortexM0\ARM_GCC_541\Debug\Design01.a(RTC.o)
 .debug_aranges
                0x00000810       0x20 .\CortexM0\ARM_GCC_541\Debug\Design01.a(CyBootAsmGnu.o)

.debug_pubnames
 *(.debug_pubnames)

.debug_info     0x00000000     0x512d
 *(.debug_info .gnu.linkonce.wi.*)
 .debug_info    0x00000000      0x4b6 .\CortexM0\ARM_GCC_541\Debug\main.o
 .debug_info    0x000004b6      0x404 .\CortexM0\ARM_GCC_541\Debug\cyfitter_cfg.o
 .debug_info    0x000008ba       0xf8 .\CortexM0\ARM_GCC_541\Debug\cymetadata.o
 .debug_info    0x000009b2      0x3a2 .\CortexM0\ARM_GCC_541\Debug\Cm0Start.o
 .debug_info    0x00000d54      0xaed .\CortexM0\ARM_GCC_541\Debug\Design01.a(CyLib.o)
 .debug_info    0x00001841      0xcfe .\CortexM0\ARM_GCC_541\Debug\Design01.a(CyLFClk.o)
 .debug_info    0x0000253f      0x579 .\CortexM0\ARM_GCC_541\Debug\Design01.a(ADC.o)
 .debug_info    0x00002ab8       0xcb .\CortexM0\ARM_GCC_541\Debug\Design01.a(ADC_INT.o)
 .debug_info    0x00002b83      0x2d1 .\CortexM0\ARM_GCC_541\Debug\Design01.a(ADC_Timer.o)
 .debug_info    0x00002e54      0x221 .\CortexM0\ARM_GCC_541\Debug\Design01.a(IDAC.o)
 .debug_info    0x00003075      0x305 .\CortexM0\ARM_GCC_541\Debug\Design01.a(isr_adc.o)
 .debug_info    0x0000337a      0x305 .\CortexM0\ARM_GCC_541\Debug\Design01.a(ADC_IRQ.o)
 .debug_info    0x0000367f      0x24c .\CortexM0\ARM_GCC_541\Debug\Design01.a(D_UART.o)
 .debug_info    0x000038cb      0x1bf .\CortexM0\ARM_GCC_541\Debug\Design01.a(D_UART_SPI_UART.o)
 .debug_info    0x00003a8a      0x26e .\CortexM0\ARM_GCC_541\Debug\Design01.a(D_UART_UART.o)
 .debug_info    0x00003cf8     0x13a8 .\CortexM0\ARM_GCC_541\Debug\Design01.a(RTC.o)
 .debug_info    0x000050a0       0x8d .\CortexM0\ARM_GCC_541\Debug\Design01.a(CyBootAsmGnu.o)

.debug_abbrev   0x00000000     0x169f
 *(.debug_abbrev)
 .debug_abbrev  0x00000000      0x20a .\CortexM0\ARM_GCC_541\Debug\main.o
 .debug_abbrev  0x0000020a      0x1cf .\CortexM0\ARM_GCC_541\Debug\cyfitter_cfg.o
 .debug_abbrev  0x000003d9       0x5d .\CortexM0\ARM_GCC_541\Debug\cymetadata.o
 .debug_abbrev  0x00000436      0x1d7 .\CortexM0\ARM_GCC_541\Debug\Cm0Start.o
 .debug_abbrev  0x0000060d      0x1d3 .\CortexM0\ARM_GCC_541\Debug\Design01.a(CyLib.o)
 .debug_abbrev  0x000007e0      0x210 .\CortexM0\ARM_GCC_541\Debug\Design01.a(CyLFClk.o)
 .debug_abbrev  0x000009f0      0x184 .\CortexM0\ARM_GCC_541\Debug\Design01.a(ADC.o)
 .debug_abbrev  0x00000b74       0x65 .\CortexM0\ARM_GCC_541\Debug\Design01.a(ADC_INT.o)
 .debug_abbrev  0x00000bd9      0x12b .\CortexM0\ARM_GCC_541\Debug\Design01.a(ADC_Timer.o)
 .debug_abbrev  0x00000d04       0xa3 .\CortexM0\ARM_GCC_541\Debug\Design01.a(IDAC.o)
 .debug_abbrev  0x00000da7      0x19a .\CortexM0\ARM_GCC_541\Debug\Design01.a(isr_adc.o)
 .debug_abbrev  0x00000f41      0x19a .\CortexM0\ARM_GCC_541\Debug\Design01.a(ADC_IRQ.o)
 .debug_abbrev  0x000010db       0xed .\CortexM0\ARM_GCC_541\Debug\Design01.a(D_UART.o)
 .debug_abbrev  0x000011c8       0xfd .\CortexM0\ARM_GCC_541\Debug\Design01.a(D_UART_SPI_UART.o)
 .debug_abbrev  0x000012c5      0x107 .\CortexM0\ARM_GCC_541\Debug\Design01.a(D_UART_UART.o)
 .debug_abbrev  0x000013cc      0x2bf .\CortexM0\ARM_GCC_541\Debug\Design01.a(RTC.o)
 .debug_abbrev  0x0000168b       0x14 .\CortexM0\ARM_GCC_541\Debug\Design01.a(CyBootAsmGnu.o)

.debug_line     0x00000000     0x2060
 *(.debug_line)
 .debug_line    0x00000000      0x1f9 .\CortexM0\ARM_GCC_541\Debug\main.o
 .debug_line    0x000001f9      0x193 .\CortexM0\ARM_GCC_541\Debug\cyfitter_cfg.o
 .debug_line    0x0000038c      0x141 .\CortexM0\ARM_GCC_541\Debug\cymetadata.o
 .debug_line    0x000004cd      0x235 .\CortexM0\ARM_GCC_541\Debug\Cm0Start.o
 .debug_line    0x00000702      0x460 .\CortexM0\ARM_GCC_541\Debug\Design01.a(CyLib.o)
 .debug_line    0x00000b62      0x466 .\CortexM0\ARM_GCC_541\Debug\Design01.a(CyLFClk.o)
 .debug_line    0x00000fc8      0x276 .\CortexM0\ARM_GCC_541\Debug\Design01.a(ADC.o)
 .debug_line    0x0000123e       0x62 .\CortexM0\ARM_GCC_541\Debug\Design01.a(ADC_INT.o)
 .debug_line    0x000012a0      0x17d .\CortexM0\ARM_GCC_541\Debug\Design01.a(ADC_Timer.o)
 .debug_line    0x0000141d       0xc2 .\CortexM0\ARM_GCC_541\Debug\Design01.a(IDAC.o)
 .debug_line    0x000014df      0x14f .\CortexM0\ARM_GCC_541\Debug\Design01.a(isr_adc.o)
 .debug_line    0x0000162e      0x153 .\CortexM0\ARM_GCC_541\Debug\Design01.a(ADC_IRQ.o)
 .debug_line    0x00001781      0x12b .\CortexM0\ARM_GCC_541\Debug\Design01.a(D_UART.o)
 .debug_line    0x000018ac       0xe0 .\CortexM0\ARM_GCC_541\Debug\Design01.a(D_UART_SPI_UART.o)
 .debug_line    0x0000198c      0x13f .\CortexM0\ARM_GCC_541\Debug\Design01.a(D_UART_UART.o)
 .debug_line    0x00001acb      0x52c .\CortexM0\ARM_GCC_541\Debug\Design01.a(RTC.o)
 .debug_line    0x00001ff7       0x69 .\CortexM0\ARM_GCC_541\Debug\Design01.a(CyBootAsmGnu.o)

.debug_frame    0x00000000     0x260c
 *(.debug_frame)
 .debug_frame   0x00000000       0xa8 .\CortexM0\ARM_GCC_541\Debug\main.o
 .debug_frame   0x000000a8       0xb8 .\CortexM0\ARM_GCC_541\Debug\cyfitter_cfg.o
 .debug_frame   0x00000160       0xbc .\CortexM0\ARM_GCC_541\Debug\Cm0Start.o
 .debug_frame   0x0000021c      0x3e0 .\CortexM0\ARM_GCC_541\Debug\Design01.a(CyLib.o)
 .debug_frame   0x000005fc      0x3a8 .\CortexM0\ARM_GCC_541\Debug\Design01.a(CyLFClk.o)
 .debug_frame   0x000009a4      0x1b0 .\CortexM0\ARM_GCC_541\Debug\Design01.a(ADC.o)
 .debug_frame   0x00000b54       0x20 .\CortexM0\ARM_GCC_541\Debug\Design01.a(ADC_INT.o)
 .debug_frame   0x00000b74      0x124 .\CortexM0\ARM_GCC_541\Debug\Design01.a(ADC_Timer.o)
 .debug_frame   0x00000c98       0x9c .\CortexM0\ARM_GCC_541\Debug\Design01.a(IDAC.o)
 .debug_frame   0x00000d34      0x110 .\CortexM0\ARM_GCC_541\Debug\Design01.a(isr_adc.o)
 .debug_frame   0x00000e44      0x110 .\CortexM0\ARM_GCC_541\Debug\Design01.a(ADC_IRQ.o)
 .debug_frame   0x00000f54       0xe8 .\CortexM0\ARM_GCC_541\Debug\Design01.a(D_UART.o)
 .debug_frame   0x0000103c       0x80 .\CortexM0\ARM_GCC_541\Debug\Design01.a(D_UART_SPI_UART.o)
 .debug_frame   0x000010bc       0xbc .\CortexM0\ARM_GCC_541\Debug\Design01.a(D_UART_UART.o)
 .debug_frame   0x00001178      0x300 .\CortexM0\ARM_GCC_541\Debug\Design01.a(RTC.o)
 .debug_frame   0x00001478       0x20 c:/program files (x86)/cypress/psoc creator/4.3/psoc creator/import/gnu/arm/5.4.1/bin/../lib/gcc/arm-none-eabi/5.4.1/armv6-m\libgcc.a(_udivsi3.o)
 .debug_frame   0x00001498       0x20 c:/program files (x86)/cypress/psoc creator/4.3/psoc creator/import/gnu/arm/5.4.1/bin/../lib/gcc/arm-none-eabi/5.4.1/armv6-m\libgcc.a(_divsi3.o)
 .debug_frame   0x000014b8       0x34 c:/program files (x86)/cypress/psoc creator/4.3/psoc creator/import/gnu/arm/5.4.1/bin/../lib/gcc/arm-none-eabi/5.4.1/armv6-m\libgcc.a(_muldi3.o)
 .debug_frame   0x000014ec       0x3c c:/program files (x86)/cypress/psoc creator/4.3/psoc creator/import/gnu/arm/5.4.1/bin/../lib/gcc/arm-none-eabi/5.4.1/armv6-m\libgcc.a(_udivmoddi4.o)
 .debug_frame   0x00001528       0x30 c:/program files (x86)/cypress/psoc creator/4.3/psoc creator/import/gnu/arm/5.4.1/bin/../lib/gcc/arm-none-eabi/5.4.1/armv6-m\libgcc.a(bpabi.o)
 .debug_frame   0x00001558       0x30 c:/program files (x86)/cypress/psoc creator/4.3/psoc creator/import/gnu/arm/5.4.1/bin/../lib/gcc/arm-none-eabi/5.4.1/armv6-m\libgcc.a(addsf3.o)
 .debug_frame   0x00001588       0x3c c:/program files (x86)/cypress/psoc creator/4.3/psoc creator/import/gnu/arm/5.4.1/bin/../lib/gcc/arm-none-eabi/5.4.1/armv6-m\libgcc.a(divsf3.o)
 .debug_frame   0x000015c4       0x38 c:/program files (x86)/cypress/psoc creator/4.3/psoc creator/import/gnu/arm/5.4.1/bin/../lib/gcc/arm-none-eabi/5.4.1/armv6-m\libgcc.a(mulsf3.o)
 .debug_frame   0x000015fc       0x30 c:/program files (x86)/cypress/psoc creator/4.3/psoc creator/import/gnu/arm/5.4.1/bin/../lib/gcc/arm-none-eabi/5.4.1/armv6-m\libgcc.a(subsf3.o)
 .debug_frame   0x0000162c       0x2c c:/program files (x86)/cypress/psoc creator/4.3/psoc creator/import/gnu/arm/5.4.1/bin/../lib/gcc/arm-none-eabi/5.4.1/armv6-m\libgcc.a(floatsisf.o)
 .debug_frame   0x00001658       0x3c c:/program files (x86)/cypress/psoc creator/4.3/psoc creator/import/gnu/arm/5.4.1/bin/../lib/gcc/arm-none-eabi/5.4.1/armv6-m\libgcc.a(_divdi3.o)
 .debug_frame   0x00001694       0x20 c:/program files (x86)/cypress/psoc creator/4.3/psoc creator/import/gnu/arm/5.4.1/bin/../lib/gcc/arm-none-eabi/5.4.1/../../../../arm-none-eabi/lib/armv6-m\libg_nano.a(lib_a-errno.o)
 .debug_frame   0x000016b4       0x28 c:/program files (x86)/cypress/psoc creator/4.3/psoc creator/import/gnu/arm/5.4.1/bin/../lib/gcc/arm-none-eabi/5.4.1/../../../../arm-none-eabi/lib/armv6-m\libg_nano.a(lib_a-exit.o)
 .debug_frame   0x000016dc       0x2c c:/program files (x86)/cypress/psoc creator/4.3/psoc creator/import/gnu/arm/5.4.1/bin/../lib/gcc/arm-none-eabi/5.4.1/../../../../arm-none-eabi/lib/armv6-m\libg_nano.a(lib_a-init.o)
 .debug_frame   0x00001708       0x20 c:/program files (x86)/cypress/psoc creator/4.3/psoc creator/import/gnu/arm/5.4.1/bin/../lib/gcc/arm-none-eabi/5.4.1/../../../../arm-none-eabi/lib/armv6-m\libg_nano.a(lib_a-memset.o)
 .debug_frame   0x00001728       0x74 c:/program files (x86)/cypress/psoc creator/4.3/psoc creator/import/gnu/arm/5.4.1/bin/../lib/gcc/arm-none-eabi/5.4.1/../../../../arm-none-eabi/lib/armv6-m\libg_nano.a(lib_a-nano-vfprintf_float.o)
 .debug_frame   0x0000179c       0x54 c:/program files (x86)/cypress/psoc creator/4.3/psoc creator/import/gnu/arm/5.4.1/bin/../lib/gcc/arm-none-eabi/5.4.1/../../../../arm-none-eabi/lib/armv6-m\libg_nano.a(lib_a-nano-vfprintf_i.o)
 .debug_frame   0x000017f0       0x50 c:/program files (x86)/cypress/psoc creator/4.3/psoc creator/import/gnu/arm/5.4.1/bin/../lib/gcc/arm-none-eabi/5.4.1/../../../../arm-none-eabi/lib/armv6-m\libg_nano.a(lib_a-printf.o)
 .debug_frame   0x00001840       0x44 c:/program files (x86)/cypress/psoc creator/4.3/psoc creator/import/gnu/arm/5.4.1/bin/../lib/gcc/arm-none-eabi/5.4.1/../../../../arm-none-eabi/lib/armv6-m\libg_nano.a(lib_a-puts.o)
 .debug_frame   0x00001884       0x48 c:/program files (x86)/cypress/psoc creator/4.3/psoc creator/import/gnu/arm/5.4.1/bin/../lib/gcc/arm-none-eabi/5.4.1/../../../../arm-none-eabi/lib/armv6-m\libg_nano.a(lib_a-wbuf.o)
 .debug_frame   0x000018cc       0x2c c:/program files (x86)/cypress/psoc creator/4.3/psoc creator/import/gnu/arm/5.4.1/bin/../lib/gcc/arm-none-eabi/5.4.1/../../../../arm-none-eabi/lib/armv6-m\libg_nano.a(lib_a-wsetup.o)
 .debug_frame   0x000018f8       0x54 c:/program files (x86)/cypress/psoc creator/4.3/psoc creator/import/gnu/arm/5.4.1/bin/../lib/gcc/arm-none-eabi/5.4.1/../../../../arm-none-eabi/lib/armv6-m\libg_nano.a(lib_a-dtoa.o)
 .debug_frame   0x0000194c       0x68 c:/program files (x86)/cypress/psoc creator/4.3/psoc creator/import/gnu/arm/5.4.1/bin/../lib/gcc/arm-none-eabi/5.4.1/../../../../arm-none-eabi/lib/armv6-m\libg_nano.a(lib_a-fflush.o)
 .debug_frame   0x000019b4      0x140 c:/program files (x86)/cypress/psoc creator/4.3/psoc creator/import/gnu/arm/5.4.1/bin/../lib/gcc/arm-none-eabi/5.4.1/../../../../arm-none-eabi/lib/armv6-m\libg_nano.a(lib_a-findfp.o)
 .debug_frame   0x00001af4       0x58 c:/program files (x86)/cypress/psoc creator/4.3/psoc creator/import/gnu/arm/5.4.1/bin/../lib/gcc/arm-none-eabi/5.4.1/../../../../arm-none-eabi/lib/armv6-m\libg_nano.a(lib_a-fwalk.o)
 .debug_frame   0x00001b4c       0xa4 c:/program files (x86)/cypress/psoc creator/4.3/psoc creator/import/gnu/arm/5.4.1/bin/../lib/gcc/arm-none-eabi/5.4.1/../../../../arm-none-eabi/lib/armv6-m\libg_nano.a(lib_a-locale.o)
 .debug_frame   0x00001bf0       0x54 c:/program files (x86)/cypress/psoc creator/4.3/psoc creator/import/gnu/arm/5.4.1/bin/../lib/gcc/arm-none-eabi/5.4.1/../../../../arm-none-eabi/lib/armv6-m\libg_nano.a(lib_a-makebuf.o)
 .debug_frame   0x00001c44       0x40 c:/program files (x86)/cypress/psoc creator/4.3/psoc creator/import/gnu/arm/5.4.1/bin/../lib/gcc/arm-none-eabi/5.4.1/../../../../arm-none-eabi/lib/armv6-m\libg_nano.a(lib_a-malloc.o)
 .debug_frame   0x00001c84       0x20 c:/program files (x86)/cypress/psoc creator/4.3/psoc creator/import/gnu/arm/5.4.1/bin/../lib/gcc/arm-none-eabi/5.4.1/../../../../arm-none-eabi/lib/armv6-m\libg_nano.a(lib_a-memchr-stub.o)
 .debug_frame   0x00001ca4       0x28 c:/program files (x86)/cypress/psoc creator/4.3/psoc creator/import/gnu/arm/5.4.1/bin/../lib/gcc/arm-none-eabi/5.4.1/../../../../arm-none-eabi/lib/armv6-m\libg_nano.a(lib_a-memcpy-stub.o)
 .debug_frame   0x00001ccc      0x238 c:/program files (x86)/cypress/psoc creator/4.3/psoc creator/import/gnu/arm/5.4.1/bin/../lib/gcc/arm-none-eabi/5.4.1/../../../../arm-none-eabi/lib/armv6-m\libg_nano.a(lib_a-mprec.o)
 .debug_frame   0x00001f04       0x2c c:/program files (x86)/cypress/psoc creator/4.3/psoc creator/import/gnu/arm/5.4.1/bin/../lib/gcc/arm-none-eabi/5.4.1/../../../../arm-none-eabi/lib/armv6-m\libg_nano.a(lib_a-nano-callocr.o)
 .debug_frame   0x00001f30       0x2c c:/program files (x86)/cypress/psoc creator/4.3/psoc creator/import/gnu/arm/5.4.1/bin/../lib/gcc/arm-none-eabi/5.4.1/../../../../arm-none-eabi/lib/armv6-m\libg_nano.a(lib_a-nano-freer.o)
 .debug_frame   0x00001f5c       0x2c c:/program files (x86)/cypress/psoc creator/4.3/psoc creator/import/gnu/arm/5.4.1/bin/../lib/gcc/arm-none-eabi/5.4.1/../../../../arm-none-eabi/lib/armv6-m\libg_nano.a(lib_a-nano-mallocr.o)
 .debug_frame   0x00001f88       0x9c c:/program files (x86)/cypress/psoc creator/4.3/psoc creator/import/gnu/arm/5.4.1/bin/../lib/gcc/arm-none-eabi/5.4.1/../../../../arm-none-eabi/lib/armv6-m\libg_nano.a(lib_a-nano-vfprintf.o)
 .debug_frame   0x00002024       0x2c c:/program files (x86)/cypress/psoc creator/4.3/psoc creator/import/gnu/arm/5.4.1/bin/../lib/gcc/arm-none-eabi/5.4.1/../../../../arm-none-eabi/lib/armv6-m\libg_nano.a(lib_a-sbrkr.o)
 .debug_frame   0x00002050       0x90 c:/program files (x86)/cypress/psoc creator/4.3/psoc creator/import/gnu/arm/5.4.1/bin/../lib/gcc/arm-none-eabi/5.4.1/../../../../arm-none-eabi/lib/armv6-m\libg_nano.a(lib_a-stdio.o)
 .debug_frame   0x000020e0       0x20 c:/program files (x86)/cypress/psoc creator/4.3/psoc creator/import/gnu/arm/5.4.1/bin/../lib/gcc/arm-none-eabi/5.4.1/../../../../arm-none-eabi/lib/armv6-m\libg_nano.a(lib_a-strcmp.o)
 .debug_frame   0x00002100       0x2c c:/program files (x86)/cypress/psoc creator/4.3/psoc creator/import/gnu/arm/5.4.1/bin/../lib/gcc/arm-none-eabi/5.4.1/../../../../arm-none-eabi/lib/armv6-m\libg_nano.a(lib_a-writer.o)
 .debug_frame   0x0000212c       0x2c c:/program files (x86)/cypress/psoc creator/4.3/psoc creator/import/gnu/arm/5.4.1/bin/../lib/gcc/arm-none-eabi/5.4.1/../../../../arm-none-eabi/lib/armv6-m\libg_nano.a(lib_a-closer.o)
 .debug_frame   0x00002158       0x2c c:/program files (x86)/cypress/psoc creator/4.3/psoc creator/import/gnu/arm/5.4.1/bin/../lib/gcc/arm-none-eabi/5.4.1/../../../../arm-none-eabi/lib/armv6-m\libg_nano.a(lib_a-fstatr.o)
 .debug_frame   0x00002184       0x30 c:/program files (x86)/cypress/psoc creator/4.3/psoc creator/import/gnu/arm/5.4.1/bin/../lib/gcc/arm-none-eabi/5.4.1/../../../../arm-none-eabi/lib/armv6-m\libg_nano.a(lib_a-fvwrite.o)
 .debug_frame   0x000021b4       0x2c c:/program files (x86)/cypress/psoc creator/4.3/psoc creator/import/gnu/arm/5.4.1/bin/../lib/gcc/arm-none-eabi/5.4.1/../../../../arm-none-eabi/lib/armv6-m\libg_nano.a(lib_a-isattyr.o)
 .debug_frame   0x000021e0       0x2c c:/program files (x86)/cypress/psoc creator/4.3/psoc creator/import/gnu/arm/5.4.1/bin/../lib/gcc/arm-none-eabi/5.4.1/../../../../arm-none-eabi/lib/armv6-m\libg_nano.a(lib_a-lseekr.o)
 .debug_frame   0x0000220c       0x28 c:/program files (x86)/cypress/psoc creator/4.3/psoc creator/import/gnu/arm/5.4.1/bin/../lib/gcc/arm-none-eabi/5.4.1/../../../../arm-none-eabi/lib/armv6-m\libg_nano.a(lib_a-memmove.o)
 .debug_frame   0x00002234       0x30 c:/program files (x86)/cypress/psoc creator/4.3/psoc creator/import/gnu/arm/5.4.1/bin/../lib/gcc/arm-none-eabi/5.4.1/../../../../arm-none-eabi/lib/armv6-m\libg_nano.a(lib_a-mlock.o)
 .debug_frame   0x00002264       0x30 c:/program files (x86)/cypress/psoc creator/4.3/psoc creator/import/gnu/arm/5.4.1/bin/../lib/gcc/arm-none-eabi/5.4.1/../../../../arm-none-eabi/lib/armv6-m\libg_nano.a(lib_a-nano-reallocr.o)
 .debug_frame   0x00002294       0x2c c:/program files (x86)/cypress/psoc creator/4.3/psoc creator/import/gnu/arm/5.4.1/bin/../lib/gcc/arm-none-eabi/5.4.1/../../../../arm-none-eabi/lib/armv6-m\libg_nano.a(lib_a-readr.o)
 .debug_frame   0x000022c0       0x48 c:/program files (x86)/cypress/psoc creator/4.3/psoc creator/import/gnu/arm/5.4.1/bin/../lib/gcc/arm-none-eabi/5.4.1/../../../../arm-none-eabi/lib/armv6-m\libg_nano.a(lib_a-reent.o)
 .debug_frame   0x00002308       0x20 c:/program files (x86)/cypress/psoc creator/4.3/psoc creator/import/gnu/arm/5.4.1/bin/../lib/gcc/arm-none-eabi/5.4.1/../../../../arm-none-eabi/lib/armv6-m\libg_nano.a(lib_a-nano-msizer.o)
 .debug_frame   0x00002328       0x3c c:/program files (x86)/cypress/psoc creator/4.3/psoc creator/import/gnu/arm/5.4.1/bin/../lib/gcc/arm-none-eabi/5.4.1/armv6-m\libgcc.a(adddf3.o)
 .debug_frame   0x00002364       0x3c c:/program files (x86)/cypress/psoc creator/4.3/psoc creator/import/gnu/arm/5.4.1/bin/../lib/gcc/arm-none-eabi/5.4.1/armv6-m\libgcc.a(divdf3.o)
 .debug_frame   0x000023a0       0x38 c:/program files (x86)/cypress/psoc creator/4.3/psoc creator/import/gnu/arm/5.4.1/bin/../lib/gcc/arm-none-eabi/5.4.1/armv6-m\libgcc.a(eqdf2.o)
 .debug_frame   0x000023d8       0x38 c:/program files (x86)/cypress/psoc creator/4.3/psoc creator/import/gnu/arm/5.4.1/bin/../lib/gcc/arm-none-eabi/5.4.1/armv6-m\libgcc.a(gedf2.o)
 .debug_frame   0x00002410       0x38 c:/program files (x86)/cypress/psoc creator/4.3/psoc creator/import/gnu/arm/5.4.1/bin/../lib/gcc/arm-none-eabi/5.4.1/armv6-m\libgcc.a(ledf2.o)
 .debug_frame   0x00002448       0x3c c:/program files (x86)/cypress/psoc creator/4.3/psoc creator/import/gnu/arm/5.4.1/bin/../lib/gcc/arm-none-eabi/5.4.1/armv6-m\libgcc.a(muldf3.o)
 .debug_frame   0x00002484       0x38 c:/program files (x86)/cypress/psoc creator/4.3/psoc creator/import/gnu/arm/5.4.1/bin/../lib/gcc/arm-none-eabi/5.4.1/armv6-m\libgcc.a(subdf3.o)
 .debug_frame   0x000024bc       0x2c c:/program files (x86)/cypress/psoc creator/4.3/psoc creator/import/gnu/arm/5.4.1/bin/../lib/gcc/arm-none-eabi/5.4.1/armv6-m\libgcc.a(unorddf2.o)
 .debug_frame   0x000024e8       0x2c c:/program files (x86)/cypress/psoc creator/4.3/psoc creator/import/gnu/arm/5.4.1/bin/../lib/gcc/arm-none-eabi/5.4.1/armv6-m\libgcc.a(fixdfsi.o)
 .debug_frame   0x00002514       0x2c c:/program files (x86)/cypress/psoc creator/4.3/psoc creator/import/gnu/arm/5.4.1/bin/../lib/gcc/arm-none-eabi/5.4.1/armv6-m\libgcc.a(floatsidf.o)
 .debug_frame   0x00002540       0x2c c:/program files (x86)/cypress/psoc creator/4.3/psoc creator/import/gnu/arm/5.4.1/bin/../lib/gcc/arm-none-eabi/5.4.1/armv6-m\libgcc.a(floatunsidf.o)
 .debug_frame   0x0000256c       0x20 c:/program files (x86)/cypress/psoc creator/4.3/psoc creator/import/gnu/arm/5.4.1/bin/../lib/gcc/arm-none-eabi/5.4.1/../../../../arm-none-eabi/lib/armv6-m\libnosys.a(close.o)
 .debug_frame   0x0000258c       0x20 c:/program files (x86)/cypress/psoc creator/4.3/psoc creator/import/gnu/arm/5.4.1/bin/../lib/gcc/arm-none-eabi/5.4.1/../../../../arm-none-eabi/lib/armv6-m\libnosys.a(fstat.o)
 .debug_frame   0x000025ac       0x20 c:/program files (x86)/cypress/psoc creator/4.3/psoc creator/import/gnu/arm/5.4.1/bin/../lib/gcc/arm-none-eabi/5.4.1/../../../../arm-none-eabi/lib/armv6-m\libnosys.a(isatty.o)
 .debug_frame   0x000025cc       0x20 c:/program files (x86)/cypress/psoc creator/4.3/psoc creator/import/gnu/arm/5.4.1/bin/../lib/gcc/arm-none-eabi/5.4.1/../../../../arm-none-eabi/lib/armv6-m\libnosys.a(lseek.o)
 .debug_frame   0x000025ec       0x20 c:/program files (x86)/cypress/psoc creator/4.3/psoc creator/import/gnu/arm/5.4.1/bin/../lib/gcc/arm-none-eabi/5.4.1/../../../../arm-none-eabi/lib/armv6-m\libnosys.a(read.o)

.debug_str      0x00000000     0x1d5a
 *(.debug_str)
 .debug_str     0x00000000      0x327 .\CortexM0\ARM_GCC_541\Debug\main.o
                                0x377 (size before relaxing)
 .debug_str     0x00000327      0x14b .\CortexM0\ARM_GCC_541\Debug\cyfitter_cfg.o
                                0x2fa (size before relaxing)
 .debug_str     0x00000472       0x63 .\CortexM0\ARM_GCC_541\Debug\cymetadata.o
                                0x1c5 (size before relaxing)
 .debug_str     0x000004d5      0x13a .\CortexM0\ARM_GCC_541\Debug\Cm0Start.o
                                0x2fe (size before relaxing)
 .debug_str     0x0000060f      0x4b4 .\CortexM0\ARM_GCC_541\Debug\Design01.a(CyLib.o)
                                0x6b3 (size before relaxing)
 .debug_str     0x00000ac3      0x527 .\CortexM0\ARM_GCC_541\Debug\Design01.a(CyLFClk.o)
                                0x73a (size before relaxing)
 .debug_str     0x00000fea      0x185 .\CortexM0\ARM_GCC_541\Debug\Design01.a(ADC.o)
                                0x3c1 (size before relaxing)
 .debug_str     0x0000116f       0x29 .\CortexM0\ARM_GCC_541\Debug\Design01.a(ADC_INT.o)
                                0x1ba (size before relaxing)
 .debug_str     0x00001198      0x1b3 .\CortexM0\ARM_GCC_541\Debug\Design01.a(ADC_Timer.o)
                                0x373 (size before relaxing)
 .debug_str     0x0000134b       0x74 .\CortexM0\ARM_GCC_541\Debug\Design01.a(IDAC.o)
                                0x250 (size before relaxing)
 .debug_str     0x000013bf      0x101 .\CortexM0\ARM_GCC_541\Debug\Design01.a(isr_adc.o)
                                0x303 (size before relaxing)
 .debug_str     0x000014c0       0xf3 .\CortexM0\ARM_GCC_541\Debug\Design01.a(ADC_IRQ.o)
                                0x303 (size before relaxing)
 .debug_str     0x000015b3      0x12f .\CortexM0\ARM_GCC_541\Debug\Design01.a(D_UART.o)
                                0x2ce (size before relaxing)
 .debug_str     0x000016e2       0xd5 .\CortexM0\ARM_GCC_541\Debug\Design01.a(D_UART_SPI_UART.o)
                                0x285 (size before relaxing)
 .debug_str     0x000017b7       0xf3 .\CortexM0\ARM_GCC_541\Debug\Design01.a(D_UART_UART.o)
                                0x2e9 (size before relaxing)
 .debug_str     0x000018aa      0x4b0 .\CortexM0\ARM_GCC_541\Debug\Design01.a(RTC.o)
                                0x6e1 (size before relaxing)

.debug_loc      0x00000000     0x2afd
 *(.debug_loc)
 .debug_loc     0x00000000      0x1fb .\CortexM0\ARM_GCC_541\Debug\main.o
 .debug_loc     0x000001fb      0x136 .\CortexM0\ARM_GCC_541\Debug\cyfitter_cfg.o
 .debug_loc     0x00000331      0x14f .\CortexM0\ARM_GCC_541\Debug\Cm0Start.o
 .debug_loc     0x00000480      0x599 .\CortexM0\ARM_GCC_541\Debug\Design01.a(CyLib.o)
 .debug_loc     0x00000a19      0x9b5 .\CortexM0\ARM_GCC_541\Debug\Design01.a(CyLFClk.o)
 .debug_loc     0x000013ce      0x3aa .\CortexM0\ARM_GCC_541\Debug\Design01.a(ADC.o)
 .debug_loc     0x00001778       0x13 .\CortexM0\ARM_GCC_541\Debug\Design01.a(ADC_Timer.o)
 .debug_loc     0x0000178b       0xb5 .\CortexM0\ARM_GCC_541\Debug\Design01.a(IDAC.o)
 .debug_loc     0x00001840       0x82 .\CortexM0\ARM_GCC_541\Debug\Design01.a(isr_adc.o)
 .debug_loc     0x000018c2       0x82 .\CortexM0\ARM_GCC_541\Debug\Design01.a(ADC_IRQ.o)
 .debug_loc     0x00001944       0x7e .\CortexM0\ARM_GCC_541\Debug\Design01.a(D_UART.o)
 .debug_loc     0x000019c2       0x77 .\CortexM0\ARM_GCC_541\Debug\Design01.a(D_UART_SPI_UART.o)
 .debug_loc     0x00001a39      0x160 .\CortexM0\ARM_GCC_541\Debug\Design01.a(D_UART_UART.o)
 .debug_loc     0x00001b99      0xf64 .\CortexM0\ARM_GCC_541\Debug\Design01.a(RTC.o)

.debug_macinfo
 *(.debug_macinfo)

.debug_ranges   0x00000000      0x708
 *(.debug_ranges)
 .debug_ranges  0x00000000       0x30 .\CortexM0\ARM_GCC_541\Debug\main.o
 .debug_ranges  0x00000030       0x38 .\CortexM0\ARM_GCC_541\Debug\cyfitter_cfg.o
 .debug_ranges  0x00000068       0x38 .\CortexM0\ARM_GCC_541\Debug\Cm0Start.o
 .debug_ranges  0x000000a0      0x170 .\CortexM0\ARM_GCC_541\Debug\Design01.a(CyLib.o)
 .debug_ranges  0x00000210      0x128 .\CortexM0\ARM_GCC_541\Debug\Design01.a(CyLFClk.o)
 .debug_ranges  0x00000338       0x98 .\CortexM0\ARM_GCC_541\Debug\Design01.a(ADC.o)
 .debug_ranges  0x000003d0       0x10 .\CortexM0\ARM_GCC_541\Debug\Design01.a(ADC_INT.o)
 .debug_ranges  0x000003e0       0x80 .\CortexM0\ARM_GCC_541\Debug\Design01.a(ADC_Timer.o)
 .debug_ranges  0x00000460       0x30 .\CortexM0\ARM_GCC_541\Debug\Design01.a(IDAC.o)
 .debug_ranges  0x00000490       0x70 .\CortexM0\ARM_GCC_541\Debug\Design01.a(isr_adc.o)
 .debug_ranges  0x00000500       0x70 .\CortexM0\ARM_GCC_541\Debug\Design01.a(ADC_IRQ.o)
 .debug_ranges  0x00000570       0x50 .\CortexM0\ARM_GCC_541\Debug\Design01.a(D_UART.o)
 .debug_ranges  0x000005c0       0x38 .\CortexM0\ARM_GCC_541\Debug\Design01.a(D_UART_SPI_UART.o)
 .debug_ranges  0x000005f8       0x48 .\CortexM0\ARM_GCC_541\Debug\Design01.a(D_UART_UART.o)
 .debug_ranges  0x00000640       0xc8 .\CortexM0\ARM_GCC_541\Debug\Design01.a(RTC.o)

.comment        0x00000000       0x6e
 .comment       0x00000000       0x6e .\CortexM0\ARM_GCC_541\Debug\main.o
                                 0x6f (size before relaxing)
 .comment       0x0000006e       0x6f .\CortexM0\ARM_GCC_541\Debug\cyfitter_cfg.o
 .comment       0x0000006e       0x6f .\CortexM0\ARM_GCC_541\Debug\cymetadata.o
 .comment       0x0000006e       0x6f .\CortexM0\ARM_GCC_541\Debug\Cm0Start.o
 .comment       0x0000006e       0x6f .\CortexM0\ARM_GCC_541\Debug\Design01.a(CyLib.o)
 .comment       0x0000006e       0x6f .\CortexM0\ARM_GCC_541\Debug\Design01.a(CyLFClk.o)
 .comment       0x0000006e       0x6f .\CortexM0\ARM_GCC_541\Debug\Design01.a(ADC.o)
 .comment       0x0000006e       0x6f .\CortexM0\ARM_GCC_541\Debug\Design01.a(ADC_INT.o)
 .comment       0x0000006e       0x6f .\CortexM0\ARM_GCC_541\Debug\Design01.a(ADC_Timer.o)
 .comment       0x0000006e       0x6f .\CortexM0\ARM_GCC_541\Debug\Design01.a(IDAC.o)
 .comment       0x0000006e       0x6f .\CortexM0\ARM_GCC_541\Debug\Design01.a(isr_adc.o)
 .comment       0x0000006e       0x6f .\CortexM0\ARM_GCC_541\Debug\Design01.a(ADC_IRQ.o)
 .comment       0x0000006e       0x6f .\CortexM0\ARM_GCC_541\Debug\Design01.a(D_UART.o)
 .comment       0x0000006e       0x6f .\CortexM0\ARM_GCC_541\Debug\Design01.a(D_UART_SPI_UART.o)
 .comment       0x0000006e       0x6f .\CortexM0\ARM_GCC_541\Debug\Design01.a(D_UART_UART.o)
 .comment       0x0000006e       0x6f .\CortexM0\ARM_GCC_541\Debug\Design01.a(RTC.o)

.debug_weaknames
 *(.debug_weaknames)

.debug_funcnames
 *(.debug_funcnames)

.debug_typenames
 *(.debug_typenames)

.debug_varnames
 *(.debug_varnames)

.note.gnu.arm.ident
 *(.note.gnu.arm.ident)

.ARM.attributes
                0x00000000       0x28
 *(.ARM.attributes)
 .ARM.attributes
                0x00000000       0x1e c:/program files (x86)/cypress/psoc creator/4.3/psoc creator/import/gnu/arm/5.4.1/bin/../lib/gcc/arm-none-eabi/5.4.1/armv6-m/crti.o
 .ARM.attributes
                0x0000001e       0x2c c:/program files (x86)/cypress/psoc creator/4.3/psoc creator/import/gnu/arm/5.4.1/bin/../lib/gcc/arm-none-eabi/5.4.1/armv6-m/crtbegin.o
 .ARM.attributes
                0x0000004a       0x1b c:/program files (x86)/cypress/psoc creator/4.3/psoc creator/import/gnu/arm/5.4.1/bin/../lib/gcc/arm-none-eabi/5.4.1/../../../../arm-none-eabi/lib/armv6-m/crt0.o
 .ARM.attributes
                0x00000065       0x31 .\CortexM0\ARM_GCC_541\Debug\main.o
 .ARM.attributes
                0x00000096       0x31 .\CortexM0\ARM_GCC_541\Debug\cyfitter_cfg.o
 .ARM.attributes
                0x000000c7       0x31 .\CortexM0\ARM_GCC_541\Debug\cymetadata.o
 .ARM.attributes
                0x000000f8       0x31 .\CortexM0\ARM_GCC_541\Debug\Cm0Start.o
 .ARM.attributes
                0x00000129       0x31 .\CortexM0\ARM_GCC_541\Debug\Design01.a(CyLib.o)
 .ARM.attributes
                0x0000015a       0x31 .\CortexM0\ARM_GCC_541\Debug\Design01.a(CyLFClk.o)
 .ARM.attributes
                0x0000018b       0x31 .\CortexM0\ARM_GCC_541\Debug\Design01.a(ADC.o)
 .ARM.attributes
                0x000001bc       0x31 .\CortexM0\ARM_GCC_541\Debug\Design01.a(ADC_INT.o)
 .ARM.attributes
                0x000001ed       0x31 .\CortexM0\ARM_GCC_541\Debug\Design01.a(ADC_Timer.o)
 .ARM.attributes
                0x0000021e       0x31 .\CortexM0\ARM_GCC_541\Debug\Design01.a(IDAC.o)
 .ARM.attributes
                0x0000024f       0x31 .\CortexM0\ARM_GCC_541\Debug\Design01.a(isr_adc.o)
 .ARM.attributes
                0x00000280       0x31 .\CortexM0\ARM_GCC_541\Debug\Design01.a(ADC_IRQ.o)
 .ARM.attributes
                0x000002b1       0x31 .\CortexM0\ARM_GCC_541\Debug\Design01.a(D_UART.o)
 .ARM.attributes
                0x000002e2       0x31 .\CortexM0\ARM_GCC_541\Debug\Design01.a(D_UART_SPI_UART.o)
 .ARM.attributes
                0x00000313       0x31 .\CortexM0\ARM_GCC_541\Debug\Design01.a(D_UART_UART.o)
 .ARM.attributes
                0x00000344       0x31 .\CortexM0\ARM_GCC_541\Debug\Design01.a(RTC.o)
 .ARM.attributes
                0x00000375       0x21 .\CortexM0\ARM_GCC_541\Debug\Design01.a(CyBootAsmGnu.o)
 .ARM.attributes
                0x00000396       0x1e c:/program files (x86)/cypress/psoc creator/4.3/psoc creator/import/gnu/arm/5.4.1/bin/../lib/gcc/arm-none-eabi/5.4.1/armv6-m\libgcc.a(_udivsi3.o)
 .ARM.attributes
                0x000003b4       0x1e c:/program files (x86)/cypress/psoc creator/4.3/psoc creator/import/gnu/arm/5.4.1/bin/../lib/gcc/arm-none-eabi/5.4.1/armv6-m\libgcc.a(_divsi3.o)
 .ARM.attributes
                0x000003d2       0x1e c:/program files (x86)/cypress/psoc creator/4.3/psoc creator/import/gnu/arm/5.4.1/bin/../lib/gcc/arm-none-eabi/5.4.1/armv6-m\libgcc.a(_dvmd_tls.o)
 .ARM.attributes
                0x000003f0       0x1e c:/program files (x86)/cypress/psoc creator/4.3/psoc creator/import/gnu/arm/5.4.1/bin/../lib/gcc/arm-none-eabi/5.4.1/armv6-m\libgcc.a(_aeabi_ldivmod.o)
 .ARM.attributes
                0x0000040e       0x1e c:/program files (x86)/cypress/psoc creator/4.3/psoc creator/import/gnu/arm/5.4.1/bin/../lib/gcc/arm-none-eabi/5.4.1/armv6-m\libgcc.a(_aeabi_uldivmod.o)
 .ARM.attributes
                0x0000042c       0x2c c:/program files (x86)/cypress/psoc creator/4.3/psoc creator/import/gnu/arm/5.4.1/bin/../lib/gcc/arm-none-eabi/5.4.1/armv6-m\libgcc.a(_muldi3.o)
 .ARM.attributes
                0x00000458       0x2c c:/program files (x86)/cypress/psoc creator/4.3/psoc creator/import/gnu/arm/5.4.1/bin/../lib/gcc/arm-none-eabi/5.4.1/armv6-m\libgcc.a(_udivmoddi4.o)
 .ARM.attributes
                0x00000484       0x2c c:/program files (x86)/cypress/psoc creator/4.3/psoc creator/import/gnu/arm/5.4.1/bin/../lib/gcc/arm-none-eabi/5.4.1/armv6-m\libgcc.a(bpabi.o)
 .ARM.attributes
                0x000004b0       0x2c c:/program files (x86)/cypress/psoc creator/4.3/psoc creator/import/gnu/arm/5.4.1/bin/../lib/gcc/arm-none-eabi/5.4.1/armv6-m\libgcc.a(addsf3.o)
 .ARM.attributes
                0x000004dc       0x2c c:/program files (x86)/cypress/psoc creator/4.3/psoc creator/import/gnu/arm/5.4.1/bin/../lib/gcc/arm-none-eabi/5.4.1/armv6-m\libgcc.a(divsf3.o)
 .ARM.attributes
                0x00000508       0x2c c:/program files (x86)/cypress/psoc creator/4.3/psoc creator/import/gnu/arm/5.4.1/bin/../lib/gcc/arm-none-eabi/5.4.1/armv6-m\libgcc.a(mulsf3.o)
 .ARM.attributes